TIM_program.c:43:13:TIM_Pin_Init	16	static
TIM_program.c:109:6:TIM_Init	16	static
TIM_program.c:140:6:TIM_PWM_Start	24	static
TIM_program.c:200:6:TIM_IC_Start	16	static
TIM_program.c:320:6:TIM_IC_INT_Enable	16	static
TIM_program.c:341:6:TIM1_UP_SetCallback	16	static
TIM_program.c:351:6:TIM1_TRG_COM_SetCallback	16	static
TIM_program.c:361:6:TIM1_CC_SetCallback	16	static
TIM_program.c:370:6:TIM2_SetCallback	16	static
TIM_program.c:379:6:TIM3_SetCallback	16	static
TIM_program.c:389:6:TIM1_UP_IRQHandler	8	static
TIM_program.c:402:6:TIM1_TRG_COM_IRQHandler	8	static
TIM_program.c:415:6:TIM1_CC_IRQHandler	8	static
TIM_program.c:428:6:TIM2_IRQHandler	8	static
TIM_program.c:441:6:TIM3_IRQHandler	8	static
