TIM_program.c:26:6:TIM_Init	16	static
TIM_program.c:50:6:TIM_PWM_Start	24	static
TIM_program.c:102:6:TIM_IC_Start	16	static
TIM_program.c:167:6:TIM_IC_INT_Enable	16	static
TIM_program.c:183:6:TIM1_UP_SetCallback	16	static
TIM_program.c:187:6:TIM1_TRG_COM_SetCallback	16	static
TIM_program.c:192:6:TIM1_CC_SetCallback	16	static
TIM_program.c:196:6:TIM2_SetCallback	16	static
TIM_program.c:200:6:TIM3_SetCallback	16	static
TIM_program.c:205:6:TIM1_UP_IRQHandler	8	static
TIM_program.c:212:6:TIM1_TRG_COM_IRQHandler	8	static
TIM_program.c:219:6:TIM1_CC_IRQHandler	8	static
TIM_program.c:226:6:TIM2_IRQHandler	8	static
TIM_program.c:234:6:TIM3_IRQHandler	8	static
