GLCD_program.c:84:13:Delay	16	static
GLCD_program.c:98:13:GLCD_Send	16	static
GLCD_program.c:129:13:GLCD_SendCommand	16	static
GLCD_program.c:151:6:GLCD_SendData	16	static
GLCD_program.c:186:13:GLCD_GoToLine	16	static
GLCD_program.c:198:13:GLCD_GoToColumn	16	static
GLCD_program.c:243:13:GLCD_GoTo_Col_Line	16	static
GLCD_program.c:256:13:GLCD_reverseString	32	static
GLCD_program.c:282:6:GLCD_Init	8	static
GLCD_program.c:321:6:GLCD_PrintChar	24	static
GLCD_program.c:349:6:GLCD_PrintString	16	static
GLCD_program.c:374:6:GLCD_PrintNum	48	static
GLCD_program.c:422:6:GLCD_PrintFloat	88	static
GLCD_program.c:471:6:GLCD_ClearLine	24	static
GLCD_program.c:501:6:GLCD_DrawHLine	24	static
GLCD_program.c:517:6:GLCD_DrawVLine	24	static
