APP_program.c:42:13:APP_IC_Calculate_Freq_Duty	24	static
APP_program.c:102:13:APP_GLCD_DrawPWM	24	static
APP_program.c:125:13:APP_GLCD_PrintFreq	16	static
APP_program.c:134:13:APP_GLCD_PrintDuty	16	static
APP_program.c:143:13:APP_GLCD_PrintPeriod	16	static
APP_program.c:152:6:APP_Init	8	static
APP_program.c:162:6:APP_IC_Start	8	static
APP_program.c:190:6:APP_PWM_Start	16	static
APP_program.c:196:12:APP_IC_GetFreq_KHZ	8	static
APP_program.c:202:5:APP_IC_GetPeriod_ms	24	static
APP_program.c:212:5:APP_IC_GetDuty	4	static
APP_program.c:217:6:APP_GLCD_Print_Init	8	static
APP_program.c:229:6:APP_GLCD_Update	8	static
