APP_program.c:82:13:APP_IC_Calculate_Freq_Duty	24	static
APP_program.c:187:13:APP_GLCD_DrawPWM	24	static
APP_program.c:235:13:APP_GLCD_PrintFreq	16	static
APP_program.c:248:13:APP_GLCD_PrintDuty	16	static
APP_program.c:261:13:APP_GLCD_PrintPeriod	16	static
APP_program.c:275:12:APP_IC_GetFreq_KHZ	8	static
APP_program.c:285:12:APP_IC_GetPeriod_ms	24	static
APP_program.c:301:12:APP_IC_GetDuty	4	static
APP_program.c:313:6:APP_Init	8	static
APP_program.c:325:6:APP_IC_Start	16	static
APP_program.c:354:6:APP_PWM_Start	16	static
APP_program.c:365:6:APP_GLCD_Print_Init	8	static
APP_program.c:385:6:APP_GLCD_Update	8	static
