Archive member included to satisfy reference by file (symbol)

c:/st/stm32cubeide_1.4.0/stm32cubeide/plugins/com.st.stm32cube.ide.mcu.externaltools.gnu-tools-for-stm32.7-2018-q2-update.win32_1.4.0.202007081208/tools/bin/../lib/gcc/arm-none-eabi/7.3.1/../../../../arm-none-eabi/lib/thumb/v7-m\libc_nano.a(lib_a-errno.o)
                              Src/syscalls.o (__errno)
c:/st/stm32cubeide_1.4.0/stm32cubeide/plugins/com.st.stm32cube.ide.mcu.externaltools.gnu-tools-for-stm32.7-2018-q2-update.win32_1.4.0.202007081208/tools/bin/../lib/gcc/arm-none-eabi/7.3.1/../../../../arm-none-eabi/lib/thumb/v7-m\libc_nano.a(lib_a-exit.o)
                              c:/st/stm32cubeide_1.4.0/stm32cubeide/plugins/com.st.stm32cube.ide.mcu.externaltools.gnu-tools-for-stm32.7-2018-q2-update.win32_1.4.0.202007081208/tools/bin/../lib/gcc/arm-none-eabi/7.3.1/../../../../arm-none-eabi/lib/thumb/v7-m/crt0.o (exit)
c:/st/stm32cubeide_1.4.0/stm32cubeide/plugins/com.st.stm32cube.ide.mcu.externaltools.gnu-tools-for-stm32.7-2018-q2-update.win32_1.4.0.202007081208/tools/bin/../lib/gcc/arm-none-eabi/7.3.1/../../../../arm-none-eabi/lib/thumb/v7-m\libc_nano.a(lib_a-impure.o)
                              c:/st/stm32cubeide_1.4.0/stm32cubeide/plugins/com.st.stm32cube.ide.mcu.externaltools.gnu-tools-for-stm32.7-2018-q2-update.win32_1.4.0.202007081208/tools/bin/../lib/gcc/arm-none-eabi/7.3.1/../../../../arm-none-eabi/lib/thumb/v7-m\libc_nano.a(lib_a-exit.o) (_global_impure_ptr)
c:/st/stm32cubeide_1.4.0/stm32cubeide/plugins/com.st.stm32cube.ide.mcu.externaltools.gnu-tools-for-stm32.7-2018-q2-update.win32_1.4.0.202007081208/tools/bin/../lib/gcc/arm-none-eabi/7.3.1/../../../../arm-none-eabi/lib/thumb/v7-m\libc_nano.a(lib_a-init.o)
                              c:/st/stm32cubeide_1.4.0/stm32cubeide/plugins/com.st.stm32cube.ide.mcu.externaltools.gnu-tools-for-stm32.7-2018-q2-update.win32_1.4.0.202007081208/tools/bin/../lib/gcc/arm-none-eabi/7.3.1/../../../../arm-none-eabi/lib/thumb/v7-m/crt0.o (__libc_init_array)
c:/st/stm32cubeide_1.4.0/stm32cubeide/plugins/com.st.stm32cube.ide.mcu.externaltools.gnu-tools-for-stm32.7-2018-q2-update.win32_1.4.0.202007081208/tools/bin/../lib/gcc/arm-none-eabi/7.3.1/../../../../arm-none-eabi/lib/thumb/v7-m\libc_nano.a(lib_a-memset.o)
                              c:/st/stm32cubeide_1.4.0/stm32cubeide/plugins/com.st.stm32cube.ide.mcu.externaltools.gnu-tools-for-stm32.7-2018-q2-update.win32_1.4.0.202007081208/tools/bin/../lib/gcc/arm-none-eabi/7.3.1/../../../../arm-none-eabi/lib/thumb/v7-m/crt0.o (memset)
c:/st/stm32cubeide_1.4.0/stm32cubeide/plugins/com.st.stm32cube.ide.mcu.externaltools.gnu-tools-for-stm32.7-2018-q2-update.win32_1.4.0.202007081208/tools/bin/../lib/gcc/arm-none-eabi/7.3.1/thumb/v7-m\libgcc.a(_arm_addsubdf3.o)
                              APP/APP_program.o (__aeabi_i2d)
c:/st/stm32cubeide_1.4.0/stm32cubeide/plugins/com.st.stm32cube.ide.mcu.externaltools.gnu-tools-for-stm32.7-2018-q2-update.win32_1.4.0.202007081208/tools/bin/../lib/gcc/arm-none-eabi/7.3.1/thumb/v7-m\libgcc.a(_arm_muldivdf3.o)
                              APP/APP_program.o (__aeabi_dmul)
c:/st/stm32cubeide_1.4.0/stm32cubeide/plugins/com.st.stm32cube.ide.mcu.externaltools.gnu-tools-for-stm32.7-2018-q2-update.win32_1.4.0.202007081208/tools/bin/../lib/gcc/arm-none-eabi/7.3.1/thumb/v7-m\libgcc.a(_arm_truncdfsf2.o)
                              APP/APP_program.o (__aeabi_d2f)
c:/st/stm32cubeide_1.4.0/stm32cubeide/plugins/com.st.stm32cube.ide.mcu.externaltools.gnu-tools-for-stm32.7-2018-q2-update.win32_1.4.0.202007081208/tools/bin/../lib/gcc/arm-none-eabi/7.3.1/thumb/v7-m\libgcc.a(_arm_addsubsf3.o)
                              HAL/GLCD/GLCD_program.o (__aeabi_fsub)
c:/st/stm32cubeide_1.4.0/stm32cubeide/plugins/com.st.stm32cube.ide.mcu.externaltools.gnu-tools-for-stm32.7-2018-q2-update.win32_1.4.0.202007081208/tools/bin/../lib/gcc/arm-none-eabi/7.3.1/thumb/v7-m\libgcc.a(_arm_muldivsf3.o)
                              HAL/GLCD/GLCD_program.o (__aeabi_fmul)
c:/st/stm32cubeide_1.4.0/stm32cubeide/plugins/com.st.stm32cube.ide.mcu.externaltools.gnu-tools-for-stm32.7-2018-q2-update.win32_1.4.0.202007081208/tools/bin/../lib/gcc/arm-none-eabi/7.3.1/thumb/v7-m\libgcc.a(_arm_cmpsf2.o)
                              APP/APP_program.o (__aeabi_fcmpeq)
c:/st/stm32cubeide_1.4.0/stm32cubeide/plugins/com.st.stm32cube.ide.mcu.externaltools.gnu-tools-for-stm32.7-2018-q2-update.win32_1.4.0.202007081208/tools/bin/../lib/gcc/arm-none-eabi/7.3.1/thumb/v7-m\libgcc.a(_arm_fixsfsi.o)
                              APP/APP_program.o (__aeabi_f2iz)
c:/st/stm32cubeide_1.4.0/stm32cubeide/plugins/com.st.stm32cube.ide.mcu.externaltools.gnu-tools-for-stm32.7-2018-q2-update.win32_1.4.0.202007081208/tools/bin/../lib/gcc/arm-none-eabi/7.3.1/thumb/v7-m\libgcc.a(_arm_fixunssfsi.o)
                              APP/APP_program.o (__aeabi_f2uiz)

Discarded input sections

 .text          0x0000000000000000        0x0 c:/st/stm32cubeide_1.4.0/stm32cubeide/plugins/com.st.stm32cube.ide.mcu.externaltools.gnu-tools-for-stm32.7-2018-q2-update.win32_1.4.0.202007081208/tools/bin/../lib/gcc/arm-none-eabi/7.3.1/thumb/v7-m/crti.o
 .data          0x0000000000000000        0x0 c:/st/stm32cubeide_1.4.0/stm32cubeide/plugins/com.st.stm32cube.ide.mcu.externaltools.gnu-tools-for-stm32.7-2018-q2-update.win32_1.4.0.202007081208/tools/bin/../lib/gcc/arm-none-eabi/7.3.1/thumb/v7-m/crti.o
 .bss           0x0000000000000000        0x0 c:/st/stm32cubeide_1.4.0/stm32cubeide/plugins/com.st.stm32cube.ide.mcu.externaltools.gnu-tools-for-stm32.7-2018-q2-update.win32_1.4.0.202007081208/tools/bin/../lib/gcc/arm-none-eabi/7.3.1/thumb/v7-m/crti.o
 .data          0x0000000000000000        0x4 c:/st/stm32cubeide_1.4.0/stm32cubeide/plugins/com.st.stm32cube.ide.mcu.externaltools.gnu-tools-for-stm32.7-2018-q2-update.win32_1.4.0.202007081208/tools/bin/../lib/gcc/arm-none-eabi/7.3.1/thumb/v7-m/crtbegin.o
 .text          0x0000000000000000       0x74 c:/st/stm32cubeide_1.4.0/stm32cubeide/plugins/com.st.stm32cube.ide.mcu.externaltools.gnu-tools-for-stm32.7-2018-q2-update.win32_1.4.0.202007081208/tools/bin/../lib/gcc/arm-none-eabi/7.3.1/../../../../arm-none-eabi/lib/thumb/v7-m/crt0.o
 .data          0x0000000000000000        0x0 c:/st/stm32cubeide_1.4.0/stm32cubeide/plugins/com.st.stm32cube.ide.mcu.externaltools.gnu-tools-for-stm32.7-2018-q2-update.win32_1.4.0.202007081208/tools/bin/../lib/gcc/arm-none-eabi/7.3.1/../../../../arm-none-eabi/lib/thumb/v7-m/crt0.o
 .bss           0x0000000000000000        0x0 c:/st/stm32cubeide_1.4.0/stm32cubeide/plugins/com.st.stm32cube.ide.mcu.externaltools.gnu-tools-for-stm32.7-2018-q2-update.win32_1.4.0.202007081208/tools/bin/../lib/gcc/arm-none-eabi/7.3.1/../../../../arm-none-eabi/lib/thumb/v7-m/crt0.o
 .ARM.extab     0x0000000000000000        0x0 c:/st/stm32cubeide_1.4.0/stm32cubeide/plugins/com.st.stm32cube.ide.mcu.externaltools.gnu-tools-for-stm32.7-2018-q2-update.win32_1.4.0.202007081208/tools/bin/../lib/gcc/arm-none-eabi/7.3.1/../../../../arm-none-eabi/lib/thumb/v7-m/crt0.o
 .ARM.exidx     0x0000000000000000        0x8 c:/st/stm32cubeide_1.4.0/stm32cubeide/plugins/com.st.stm32cube.ide.mcu.externaltools.gnu-tools-for-stm32.7-2018-q2-update.win32_1.4.0.202007081208/tools/bin/../lib/gcc/arm-none-eabi/7.3.1/../../../../arm-none-eabi/lib/thumb/v7-m/crt0.o
 .ARM.attributes
                0x0000000000000000       0x1b c:/st/stm32cubeide_1.4.0/stm32cubeide/plugins/com.st.stm32cube.ide.mcu.externaltools.gnu-tools-for-stm32.7-2018-q2-update.win32_1.4.0.202007081208/tools/bin/../lib/gcc/arm-none-eabi/7.3.1/../../../../arm-none-eabi/lib/thumb/v7-m/crt0.o
 .group         0x0000000000000000        0xc APP/APP_program.o
 .group         0x0000000000000000        0xc APP/APP_program.o
 .group         0x0000000000000000        0xc APP/APP_program.o
 .group         0x0000000000000000        0xc APP/APP_program.o
 .group         0x0000000000000000        0xc APP/APP_program.o
 .group         0x0000000000000000        0xc APP/APP_program.o
 .group         0x0000000000000000        0xc APP/APP_program.o
 .group         0x0000000000000000        0xc APP/APP_program.o
 .text          0x0000000000000000        0x0 APP/APP_program.o
 .data          0x0000000000000000        0x0 APP/APP_program.o
 .bss           0x0000000000000000        0x0 APP/APP_program.o
 .group         0x0000000000000000        0xc HAL/GLCD/GLCD_program.o
 .group         0x0000000000000000        0xc HAL/GLCD/GLCD_program.o
 .group         0x0000000000000000        0xc HAL/GLCD/GLCD_program.o
 .group         0x0000000000000000        0xc HAL/GLCD/GLCD_program.o
 .group         0x0000000000000000        0xc HAL/GLCD/GLCD_program.o
 .group         0x0000000000000000        0xc HAL/GLCD/GLCD_program.o
 .group         0x0000000000000000        0xc HAL/GLCD/GLCD_program.o
 .group         0x0000000000000000        0xc HAL/GLCD/GLCD_program.o
 .text          0x0000000000000000        0x0 HAL/GLCD/GLCD_program.o
 .data          0x0000000000000000        0x0 HAL/GLCD/GLCD_program.o
 .bss           0x0000000000000000        0x0 HAL/GLCD/GLCD_program.o
 .debug_macro   0x0000000000000000      0xa60 HAL/GLCD/GLCD_program.o
 .debug_macro   0x0000000000000000       0x22 HAL/GLCD/GLCD_program.o
 .debug_macro   0x0000000000000000       0x22 HAL/GLCD/GLCD_program.o
 .debug_macro   0x0000000000000000      0x25f HAL/GLCD/GLCD_program.o
 .debug_macro   0x0000000000000000       0x10 HAL/GLCD/GLCD_program.o
 .debug_macro   0x0000000000000000       0x3a HAL/GLCD/GLCD_program.o
 .debug_macro   0x0000000000000000       0x16 HAL/GLCD/GLCD_program.o
 .group         0x0000000000000000        0xc MCAL/GPIO/GPIO_program.o
 .group         0x0000000000000000        0xc MCAL/GPIO/GPIO_program.o
 .group         0x0000000000000000        0xc MCAL/GPIO/GPIO_program.o
 .group         0x0000000000000000        0xc MCAL/GPIO/GPIO_program.o
 .group         0x0000000000000000        0xc MCAL/GPIO/GPIO_program.o
 .group         0x0000000000000000        0xc MCAL/GPIO/GPIO_program.o
 .group         0x0000000000000000        0xc MCAL/GPIO/GPIO_program.o
 .text          0x0000000000000000        0x0 MCAL/GPIO/GPIO_program.o
 .data          0x0000000000000000        0x0 MCAL/GPIO/GPIO_program.o
 .bss           0x0000000000000000        0x0 MCAL/GPIO/GPIO_program.o
 .text.GPIO_GetPinValue
                0x0000000000000000       0x28 MCAL/GPIO/GPIO_program.o
 .text.GPIO_SetPullup
                0x0000000000000000       0x28 MCAL/GPIO/GPIO_program.o
 .text.GPIO_SetPortDirSpeed
                0x0000000000000000       0x4a MCAL/GPIO/GPIO_program.o
 .debug_macro   0x0000000000000000      0xa60 MCAL/GPIO/GPIO_program.o
 .debug_macro   0x0000000000000000       0x22 MCAL/GPIO/GPIO_program.o
 .debug_macro   0x0000000000000000      0x25f MCAL/GPIO/GPIO_program.o
 .debug_macro   0x0000000000000000       0x10 MCAL/GPIO/GPIO_program.o
 .debug_macro   0x0000000000000000       0x3a MCAL/GPIO/GPIO_program.o
 .group         0x0000000000000000        0xc MCAL/NVIC/NVIC_program.o
 .group         0x0000000000000000        0xc MCAL/NVIC/NVIC_program.o
 .group         0x0000000000000000        0xc MCAL/NVIC/NVIC_program.o
 .group         0x0000000000000000        0xc MCAL/NVIC/NVIC_program.o
 .group         0x0000000000000000        0xc MCAL/NVIC/NVIC_program.o
 .text          0x0000000000000000        0x0 MCAL/NVIC/NVIC_program.o
 .data          0x0000000000000000        0x0 MCAL/NVIC/NVIC_program.o
 .bss           0x0000000000000000        0x0 MCAL/NVIC/NVIC_program.o
 .debug_macro   0x0000000000000000      0xa60 MCAL/NVIC/NVIC_program.o
 .debug_macro   0x0000000000000000       0x28 MCAL/NVIC/NVIC_program.o
 .debug_macro   0x0000000000000000      0x25f MCAL/NVIC/NVIC_program.o
 .debug_macro   0x0000000000000000       0x10 MCAL/NVIC/NVIC_program.o
 .debug_macro   0x0000000000000000       0x3a MCAL/NVIC/NVIC_program.o
 .group         0x0000000000000000        0xc MCAL/TIM/TIM_program.o
 .group         0x0000000000000000        0xc MCAL/TIM/TIM_program.o
 .group         0x0000000000000000        0xc MCAL/TIM/TIM_program.o
 .group         0x0000000000000000        0xc MCAL/TIM/TIM_program.o
 .group         0x0000000000000000        0xc MCAL/TIM/TIM_program.o
 .group         0x0000000000000000        0xc MCAL/TIM/TIM_program.o
 .group         0x0000000000000000        0xc MCAL/TIM/TIM_program.o
 .text          0x0000000000000000        0x0 MCAL/TIM/TIM_program.o
 .data          0x0000000000000000        0x0 MCAL/TIM/TIM_program.o
 .bss           0x0000000000000000        0x0 MCAL/TIM/TIM_program.o
 .text.TIM1_UP_SetCallback
                0x0000000000000000       0x1c MCAL/TIM/TIM_program.o
 .text.TIM1_TRG_COM_SetCallback
                0x0000000000000000       0x1c MCAL/TIM/TIM_program.o
 .text.TIM1_CC_SetCallback
                0x0000000000000000       0x1c MCAL/TIM/TIM_program.o
 .text.TIM2_SetCallback
                0x0000000000000000       0x1c MCAL/TIM/TIM_program.o
 .debug_macro   0x0000000000000000      0xa60 MCAL/TIM/TIM_program.o
 .debug_macro   0x0000000000000000       0x22 MCAL/TIM/TIM_program.o
 .debug_macro   0x0000000000000000       0x28 MCAL/TIM/TIM_program.o
 .debug_macro   0x0000000000000000      0x25f MCAL/TIM/TIM_program.o
 .debug_macro   0x0000000000000000       0x10 MCAL/TIM/TIM_program.o
 .debug_macro   0x0000000000000000       0x3a MCAL/TIM/TIM_program.o
 .debug_macro   0x0000000000000000       0x10 MCAL/TIM/TIM_program.o
 .group         0x0000000000000000        0xc Src/main.o
 .text          0x0000000000000000        0x0 Src/main.o
 .data          0x0000000000000000        0x0 Src/main.o
 .bss           0x0000000000000000        0x0 Src/main.o
 .debug_macro   0x0000000000000000      0xa60 Src/main.o
 .group         0x0000000000000000        0xc Src/syscalls.o
 .group         0x0000000000000000        0xc Src/syscalls.o
 .group         0x0000000000000000        0xc Src/syscalls.o
 .group         0x0000000000000000        0xc Src/syscalls.o
 .group         0x0000000000000000        0xc Src/syscalls.o
 .group         0x0000000000000000        0xc Src/syscalls.o
 .group         0x0000000000000000        0xc Src/syscalls.o
 .group         0x0000000000000000        0xc Src/syscalls.o
 .group         0x0000000000000000        0xc Src/syscalls.o
 .group         0x0000000000000000        0xc Src/syscalls.o
 .group         0x0000000000000000        0xc Src/syscalls.o
 .group         0x0000000000000000        0xc Src/syscalls.o
 .group         0x0000000000000000        0xc Src/syscalls.o
 .group         0x0000000000000000        0xc Src/syscalls.o
 .group         0x0000000000000000        0xc Src/syscalls.o
 .group         0x0000000000000000        0xc Src/syscalls.o
 .group         0x0000000000000000        0xc Src/syscalls.o
 .group         0x0000000000000000        0xc Src/syscalls.o
 .group         0x0000000000000000        0xc Src/syscalls.o
 .group         0x0000000000000000        0xc Src/syscalls.o
 .group         0x0000000000000000        0xc Src/syscalls.o
 .group         0x0000000000000000        0xc Src/syscalls.o
 .group         0x0000000000000000        0xc Src/syscalls.o
 .group         0x0000000000000000        0xc Src/syscalls.o
 .group         0x0000000000000000        0xc Src/syscalls.o
 .group         0x0000000000000000        0xc Src/syscalls.o
 .group         0x0000000000000000        0xc Src/syscalls.o
 .group         0x0000000000000000        0xc Src/syscalls.o
 .group         0x0000000000000000        0xc Src/syscalls.o
 .group         0x0000000000000000        0xc Src/syscalls.o
 .group         0x0000000000000000        0xc Src/syscalls.o
 .group         0x0000000000000000        0xc Src/syscalls.o
 .group         0x0000000000000000        0xc Src/syscalls.o
 .group         0x0000000000000000        0xc Src/syscalls.o
 .group         0x0000000000000000        0xc Src/syscalls.o
 .group         0x0000000000000000        0xc Src/syscalls.o
 .group         0x0000000000000000        0xc Src/syscalls.o
 .group         0x0000000000000000        0xc Src/syscalls.o
 .group         0x0000000000000000        0xc Src/syscalls.o
 .group         0x0000000000000000        0xc Src/syscalls.o
 .group         0x0000000000000000        0xc Src/syscalls.o
 .group         0x0000000000000000        0xc Src/syscalls.o
 .group         0x0000000000000000        0xc Src/syscalls.o
 .group         0x0000000000000000        0xc Src/syscalls.o
 .text          0x0000000000000000        0x0 Src/syscalls.o
 .data          0x0000000000000000        0x0 Src/syscalls.o
 .bss           0x0000000000000000        0x0 Src/syscalls.o
 .bss.__env     0x0000000000000000        0x4 Src/syscalls.o
 .data.environ  0x0000000000000000        0x4 Src/syscalls.o
 .text.initialise_monitor_handles
                0x0000000000000000        0xc Src/syscalls.o
 .text._getpid  0x0000000000000000        0xe Src/syscalls.o
 .text._kill    0x0000000000000000       0x20 Src/syscalls.o
 .text._exit    0x0000000000000000       0x14 Src/syscalls.o
 .text._read    0x0000000000000000       0x3a Src/syscalls.o
 .text._write   0x0000000000000000       0x38 Src/syscalls.o
 .text._close   0x0000000000000000       0x16 Src/syscalls.o
 .text._fstat   0x0000000000000000       0x1e Src/syscalls.o
 .text._isatty  0x0000000000000000       0x14 Src/syscalls.o
 .text._lseek   0x0000000000000000       0x18 Src/syscalls.o
 .text._open    0x0000000000000000       0x1a Src/syscalls.o
 .text._wait    0x0000000000000000       0x1e Src/syscalls.o
 .text._unlink  0x0000000000000000       0x1e Src/syscalls.o
 .text._times   0x0000000000000000       0x16 Src/syscalls.o
 .text._stat    0x0000000000000000       0x1e Src/syscalls.o
 .text._link    0x0000000000000000       0x20 Src/syscalls.o
 .text._fork    0x0000000000000000       0x16 Src/syscalls.o
 .text._execve  0x0000000000000000       0x22 Src/syscalls.o
 .debug_info    0x0000000000000000      0xebd Src/syscalls.o
 .debug_abbrev  0x0000000000000000      0x261 Src/syscalls.o
 .debug_aranges
                0x0000000000000000       0xa8 Src/syscalls.o
 .debug_ranges  0x0000000000000000       0x98 Src/syscalls.o
 .debug_macro   0x0000000000000000      0x243 Src/syscalls.o
 .debug_macro   0x0000000000000000      0xa60 Src/syscalls.o
 .debug_macro   0x0000000000000000       0x22 Src/syscalls.o
 .debug_macro   0x0000000000000000       0x40 Src/syscalls.o
 .debug_macro   0x0000000000000000       0x18 Src/syscalls.o
 .debug_macro   0x0000000000000000       0x94 Src/syscalls.o
 .debug_macro   0x0000000000000000       0x3c Src/syscalls.o
 .debug_macro   0x0000000000000000       0x34 Src/syscalls.o
 .debug_macro   0x0000000000000000       0x57 Src/syscalls.o
 .debug_macro   0x0000000000000000      0x174 Src/syscalls.o
 .debug_macro   0x0000000000000000      0x330 Src/syscalls.o
 .debug_macro   0x0000000000000000       0x52 Src/syscalls.o
 .debug_macro   0x0000000000000000       0x1f Src/syscalls.o
 .debug_macro   0x0000000000000000       0x43 Src/syscalls.o
 .debug_macro   0x0000000000000000       0x20 Src/syscalls.o
 .debug_macro   0x0000000000000000      0x1a3 Src/syscalls.o
 .debug_macro   0x0000000000000000       0x10 Src/syscalls.o
 .debug_macro   0x0000000000000000       0x35 Src/syscalls.o
 .debug_macro   0x0000000000000000       0x10 Src/syscalls.o
 .debug_macro   0x0000000000000000       0x10 Src/syscalls.o
 .debug_macro   0x0000000000000000       0x10 Src/syscalls.o
 .debug_macro   0x0000000000000000       0x6a Src/syscalls.o
 .debug_macro   0x0000000000000000       0x1c Src/syscalls.o
 .debug_macro   0x0000000000000000       0x52 Src/syscalls.o
 .debug_macro   0x0000000000000000       0x40 Src/syscalls.o
 .debug_macro   0x0000000000000000       0x10 Src/syscalls.o
 .debug_macro   0x0000000000000000       0x40 Src/syscalls.o
 .debug_macro   0x0000000000000000       0xd7 Src/syscalls.o
 .debug_macro   0x0000000000000000       0x1c Src/syscalls.o
 .debug_macro   0x0000000000000000       0x3d Src/syscalls.o
 .debug_macro   0x0000000000000000       0x35 Src/syscalls.o
 .debug_macro   0x0000000000000000      0x122 Src/syscalls.o
 .debug_macro   0x0000000000000000       0x16 Src/syscalls.o
 .debug_macro   0x0000000000000000       0x16 Src/syscalls.o
 .debug_macro   0x0000000000000000       0x29 Src/syscalls.o
 .debug_macro   0x0000000000000000       0x10 Src/syscalls.o
 .debug_macro   0x0000000000000000      0x241 Src/syscalls.o
 .debug_macro   0x0000000000000000       0x1c Src/syscalls.o
 .debug_macro   0x0000000000000000       0x10 Src/syscalls.o
 .debug_macro   0x0000000000000000       0x10 Src/syscalls.o
 .debug_macro   0x0000000000000000       0x16 Src/syscalls.o
 .debug_macro   0x0000000000000000      0x145 Src/syscalls.o
 .debug_macro   0x0000000000000000      0x189 Src/syscalls.o
 .debug_macro   0x0000000000000000       0x16 Src/syscalls.o
 .debug_macro   0x0000000000000000       0x88 Src/syscalls.o
 .debug_line    0x0000000000000000      0x739 Src/syscalls.o
 .debug_str     0x0000000000000000     0x8866 Src/syscalls.o
 .comment       0x0000000000000000       0x7c Src/syscalls.o
 .debug_frame   0x0000000000000000      0x2ac Src/syscalls.o
 .ARM.attributes
                0x0000000000000000       0x33 Src/syscalls.o
 .group         0x0000000000000000        0xc Src/sysmem.o
 .group         0x0000000000000000        0xc Src/sysmem.o
 .group         0x0000000000000000        0xc Src/sysmem.o
 .group         0x0000000000000000        0xc Src/sysmem.o
 .group         0x0000000000000000        0xc Src/sysmem.o
 .group         0x0000000000000000        0xc Src/sysmem.o
 .group         0x0000000000000000        0xc Src/sysmem.o
 .group         0x0000000000000000        0xc Src/sysmem.o
 .group         0x0000000000000000        0xc Src/sysmem.o
 .group         0x0000000000000000        0xc Src/sysmem.o
 .group         0x0000000000000000        0xc Src/sysmem.o
 .group         0x0000000000000000        0xc Src/sysmem.o
 .group         0x0000000000000000        0xc Src/sysmem.o
 .group         0x0000000000000000        0xc Src/sysmem.o
 .group         0x0000000000000000        0xc Src/sysmem.o
 .group         0x0000000000000000        0xc Src/sysmem.o
 .group         0x0000000000000000        0xc Src/sysmem.o
 .group         0x0000000000000000        0xc Src/sysmem.o
 .group         0x0000000000000000        0xc Src/sysmem.o
 .text          0x0000000000000000        0x0 Src/sysmem.o
 .data          0x0000000000000000        0x0 Src/sysmem.o
 .bss           0x0000000000000000        0x0 Src/sysmem.o
 .bss.__sbrk_heap_end
                0x0000000000000000        0x4 Src/sysmem.o
 .text._sbrk    0x0000000000000000       0x6c Src/sysmem.o
 .debug_info    0x0000000000000000      0x985 Src/sysmem.o
 .debug_abbrev  0x0000000000000000      0x19b Src/sysmem.o
 .debug_aranges
                0x0000000000000000       0x20 Src/sysmem.o
 .debug_ranges  0x0000000000000000       0x10 Src/sysmem.o
 .debug_macro   0x0000000000000000       0xee Src/sysmem.o
 .debug_macro   0x0000000000000000      0xa60 Src/sysmem.o
 .debug_macro   0x0000000000000000       0x10 Src/sysmem.o
 .debug_macro   0x0000000000000000       0x22 Src/sysmem.o
 .debug_macro   0x0000000000000000       0x40 Src/sysmem.o
 .debug_macro   0x0000000000000000       0x18 Src/sysmem.o
 .debug_macro   0x0000000000000000       0x94 Src/sysmem.o
 .debug_macro   0x0000000000000000       0x3c Src/sysmem.o
 .debug_macro   0x0000000000000000       0x34 Src/sysmem.o
 .debug_macro   0x0000000000000000      0x174 Src/sysmem.o
 .debug_macro   0x0000000000000000       0x57 Src/sysmem.o
 .debug_macro   0x0000000000000000       0x52 Src/sysmem.o
 .debug_macro   0x0000000000000000       0x1f Src/sysmem.o
 .debug_macro   0x0000000000000000       0x43 Src/sysmem.o
 .debug_macro   0x0000000000000000       0x20 Src/sysmem.o
 .debug_macro   0x0000000000000000      0x1a3 Src/sysmem.o
 .debug_macro   0x0000000000000000      0x23b Src/sysmem.o
 .debug_macro   0x0000000000000000       0xef Src/sysmem.o
 .debug_macro   0x0000000000000000       0x6a Src/sysmem.o
 .debug_macro   0x0000000000000000      0x1df Src/sysmem.o
 .debug_line    0x0000000000000000      0x4c2 Src/sysmem.o
 .debug_str     0x0000000000000000     0x5f34 Src/sysmem.o
 .comment       0x0000000000000000       0x7c Src/sysmem.o
 .debug_frame   0x0000000000000000       0x34 Src/sysmem.o
 .ARM.attributes
                0x0000000000000000       0x33 Src/sysmem.o
 .text          0x0000000000000000       0x14 Startup/startup_stm32f103c6tx.o
 .data          0x0000000000000000        0x0 Startup/startup_stm32f103c6tx.o
 .bss           0x0000000000000000        0x0 Startup/startup_stm32f103c6tx.o
 .text          0x0000000000000000        0x0 c:/st/stm32cubeide_1.4.0/stm32cubeide/plugins/com.st.stm32cube.ide.mcu.externaltools.gnu-tools-for-stm32.7-2018-q2-update.win32_1.4.0.202007081208/tools/bin/../lib/gcc/arm-none-eabi/7.3.1/../../../../arm-none-eabi/lib/thumb/v7-m\libc_nano.a(lib_a-errno.o)
 .data          0x0000000000000000        0x0 c:/st/stm32cubeide_1.4.0/stm32cubeide/plugins/com.st.stm32cube.ide.mcu.externaltools.gnu-tools-for-stm32.7-2018-q2-update.win32_1.4.0.202007081208/tools/bin/../lib/gcc/arm-none-eabi/7.3.1/../../../../arm-none-eabi/lib/thumb/v7-m\libc_nano.a(lib_a-errno.o)
 .bss           0x0000000000000000        0x0 c:/st/stm32cubeide_1.4.0/stm32cubeide/plugins/com.st.stm32cube.ide.mcu.externaltools.gnu-tools-for-stm32.7-2018-q2-update.win32_1.4.0.202007081208/tools/bin/../lib/gcc/arm-none-eabi/7.3.1/../../../../arm-none-eabi/lib/thumb/v7-m\libc_nano.a(lib_a-errno.o)
 .text.__errno  0x0000000000000000        0xc c:/st/stm32cubeide_1.4.0/stm32cubeide/plugins/com.st.stm32cube.ide.mcu.externaltools.gnu-tools-for-stm32.7-2018-q2-update.win32_1.4.0.202007081208/tools/bin/../lib/gcc/arm-none-eabi/7.3.1/../../../../arm-none-eabi/lib/thumb/v7-m\libc_nano.a(lib_a-errno.o)
 .debug_frame   0x0000000000000000       0x20 c:/st/stm32cubeide_1.4.0/stm32cubeide/plugins/com.st.stm32cube.ide.mcu.externaltools.gnu-tools-for-stm32.7-2018-q2-update.win32_1.4.0.202007081208/tools/bin/../lib/gcc/arm-none-eabi/7.3.1/../../../../arm-none-eabi/lib/thumb/v7-m\libc_nano.a(lib_a-errno.o)
 .ARM.attributes
                0x0000000000000000       0x2d c:/st/stm32cubeide_1.4.0/stm32cubeide/plugins/com.st.stm32cube.ide.mcu.externaltools.gnu-tools-for-stm32.7-2018-q2-update.win32_1.4.0.202007081208/tools/bin/../lib/gcc/arm-none-eabi/7.3.1/../../../../arm-none-eabi/lib/thumb/v7-m\libc_nano.a(lib_a-errno.o)
 .text          0x0000000000000000        0x0 c:/st/stm32cubeide_1.4.0/stm32cubeide/plugins/com.st.stm32cube.ide.mcu.externaltools.gnu-tools-for-stm32.7-2018-q2-update.win32_1.4.0.202007081208/tools/bin/../lib/gcc/arm-none-eabi/7.3.1/../../../../arm-none-eabi/lib/thumb/v7-m\libc_nano.a(lib_a-exit.o)
 .data          0x0000000000000000        0x0 c:/st/stm32cubeide_1.4.0/stm32cubeide/plugins/com.st.stm32cube.ide.mcu.externaltools.gnu-tools-for-stm32.7-2018-q2-update.win32_1.4.0.202007081208/tools/bin/../lib/gcc/arm-none-eabi/7.3.1/../../../../arm-none-eabi/lib/thumb/v7-m\libc_nano.a(lib_a-exit.o)
 .bss           0x0000000000000000        0x0 c:/st/stm32cubeide_1.4.0/stm32cubeide/plugins/com.st.stm32cube.ide.mcu.externaltools.gnu-tools-for-stm32.7-2018-q2-update.win32_1.4.0.202007081208/tools/bin/../lib/gcc/arm-none-eabi/7.3.1/../../../../arm-none-eabi/lib/thumb/v7-m\libc_nano.a(lib_a-exit.o)
 .text.exit     0x0000000000000000       0x28 c:/st/stm32cubeide_1.4.0/stm32cubeide/plugins/com.st.stm32cube.ide.mcu.externaltools.gnu-tools-for-stm32.7-2018-q2-update.win32_1.4.0.202007081208/tools/bin/../lib/gcc/arm-none-eabi/7.3.1/../../../../arm-none-eabi/lib/thumb/v7-m\libc_nano.a(lib_a-exit.o)
 .debug_frame   0x0000000000000000       0x28 c:/st/stm32cubeide_1.4.0/stm32cubeide/plugins/com.st.stm32cube.ide.mcu.externaltools.gnu-tools-for-stm32.7-2018-q2-update.win32_1.4.0.202007081208/tools/bin/../lib/gcc/arm-none-eabi/7.3.1/../../../../arm-none-eabi/lib/thumb/v7-m\libc_nano.a(lib_a-exit.o)
 .ARM.attributes
                0x0000000000000000       0x2d c:/st/stm32cubeide_1.4.0/stm32cubeide/plugins/com.st.stm32cube.ide.mcu.externaltools.gnu-tools-for-stm32.7-2018-q2-update.win32_1.4.0.202007081208/tools/bin/../lib/gcc/arm-none-eabi/7.3.1/../../../../arm-none-eabi/lib/thumb/v7-m\libc_nano.a(lib_a-exit.o)
 .text          0x0000000000000000        0x0 c:/st/stm32cubeide_1.4.0/stm32cubeide/plugins/com.st.stm32cube.ide.mcu.externaltools.gnu-tools-for-stm32.7-2018-q2-update.win32_1.4.0.202007081208/tools/bin/../lib/gcc/arm-none-eabi/7.3.1/../../../../arm-none-eabi/lib/thumb/v7-m\libc_nano.a(lib_a-impure.o)
 .data          0x0000000000000000        0x0 c:/st/stm32cubeide_1.4.0/stm32cubeide/plugins/com.st.stm32cube.ide.mcu.externaltools.gnu-tools-for-stm32.7-2018-q2-update.win32_1.4.0.202007081208/tools/bin/../lib/gcc/arm-none-eabi/7.3.1/../../../../arm-none-eabi/lib/thumb/v7-m\libc_nano.a(lib_a-impure.o)
 .bss           0x0000000000000000        0x0 c:/st/stm32cubeide_1.4.0/stm32cubeide/plugins/com.st.stm32cube.ide.mcu.externaltools.gnu-tools-for-stm32.7-2018-q2-update.win32_1.4.0.202007081208/tools/bin/../lib/gcc/arm-none-eabi/7.3.1/../../../../arm-none-eabi/lib/thumb/v7-m\libc_nano.a(lib_a-impure.o)
 .data._impure_ptr
                0x0000000000000000        0x4 c:/st/stm32cubeide_1.4.0/stm32cubeide/plugins/com.st.stm32cube.ide.mcu.externaltools.gnu-tools-for-stm32.7-2018-q2-update.win32_1.4.0.202007081208/tools/bin/../lib/gcc/arm-none-eabi/7.3.1/../../../../arm-none-eabi/lib/thumb/v7-m\libc_nano.a(lib_a-impure.o)
 .data.impure_data
                0x0000000000000000       0x60 c:/st/stm32cubeide_1.4.0/stm32cubeide/plugins/com.st.stm32cube.ide.mcu.externaltools.gnu-tools-for-stm32.7-2018-q2-update.win32_1.4.0.202007081208/tools/bin/../lib/gcc/arm-none-eabi/7.3.1/../../../../arm-none-eabi/lib/thumb/v7-m\libc_nano.a(lib_a-impure.o)
 .rodata._global_impure_ptr
                0x0000000000000000        0x4 c:/st/stm32cubeide_1.4.0/stm32cubeide/plugins/com.st.stm32cube.ide.mcu.externaltools.gnu-tools-for-stm32.7-2018-q2-update.win32_1.4.0.202007081208/tools/bin/../lib/gcc/arm-none-eabi/7.3.1/../../../../arm-none-eabi/lib/thumb/v7-m\libc_nano.a(lib_a-impure.o)
 .ARM.attributes
                0x0000000000000000       0x2d c:/st/stm32cubeide_1.4.0/stm32cubeide/plugins/com.st.stm32cube.ide.mcu.externaltools.gnu-tools-for-stm32.7-2018-q2-update.win32_1.4.0.202007081208/tools/bin/../lib/gcc/arm-none-eabi/7.3.1/../../../../arm-none-eabi/lib/thumb/v7-m\libc_nano.a(lib_a-impure.o)
 .text          0x0000000000000000        0x0 c:/st/stm32cubeide_1.4.0/stm32cubeide/plugins/com.st.stm32cube.ide.mcu.externaltools.gnu-tools-for-stm32.7-2018-q2-update.win32_1.4.0.202007081208/tools/bin/../lib/gcc/arm-none-eabi/7.3.1/../../../../arm-none-eabi/lib/thumb/v7-m\libc_nano.a(lib_a-init.o)
 .data          0x0000000000000000        0x0 c:/st/stm32cubeide_1.4.0/stm32cubeide/plugins/com.st.stm32cube.ide.mcu.externaltools.gnu-tools-for-stm32.7-2018-q2-update.win32_1.4.0.202007081208/tools/bin/../lib/gcc/arm-none-eabi/7.3.1/../../../../arm-none-eabi/lib/thumb/v7-m\libc_nano.a(lib_a-init.o)
 .bss           0x0000000000000000        0x0 c:/st/stm32cubeide_1.4.0/stm32cubeide/plugins/com.st.stm32cube.ide.mcu.externaltools.gnu-tools-for-stm32.7-2018-q2-update.win32_1.4.0.202007081208/tools/bin/../lib/gcc/arm-none-eabi/7.3.1/../../../../arm-none-eabi/lib/thumb/v7-m\libc_nano.a(lib_a-init.o)
 .text          0x0000000000000000        0x0 c:/st/stm32cubeide_1.4.0/stm32cubeide/plugins/com.st.stm32cube.ide.mcu.externaltools.gnu-tools-for-stm32.7-2018-q2-update.win32_1.4.0.202007081208/tools/bin/../lib/gcc/arm-none-eabi/7.3.1/../../../../arm-none-eabi/lib/thumb/v7-m\libc_nano.a(lib_a-memset.o)
 .data          0x0000000000000000        0x0 c:/st/stm32cubeide_1.4.0/stm32cubeide/plugins/com.st.stm32cube.ide.mcu.externaltools.gnu-tools-for-stm32.7-2018-q2-update.win32_1.4.0.202007081208/tools/bin/../lib/gcc/arm-none-eabi/7.3.1/../../../../arm-none-eabi/lib/thumb/v7-m\libc_nano.a(lib_a-memset.o)
 .bss           0x0000000000000000        0x0 c:/st/stm32cubeide_1.4.0/stm32cubeide/plugins/com.st.stm32cube.ide.mcu.externaltools.gnu-tools-for-stm32.7-2018-q2-update.win32_1.4.0.202007081208/tools/bin/../lib/gcc/arm-none-eabi/7.3.1/../../../../arm-none-eabi/lib/thumb/v7-m\libc_nano.a(lib_a-memset.o)
 .text.memset   0x0000000000000000       0x10 c:/st/stm32cubeide_1.4.0/stm32cubeide/plugins/com.st.stm32cube.ide.mcu.externaltools.gnu-tools-for-stm32.7-2018-q2-update.win32_1.4.0.202007081208/tools/bin/../lib/gcc/arm-none-eabi/7.3.1/../../../../arm-none-eabi/lib/thumb/v7-m\libc_nano.a(lib_a-memset.o)
 .debug_frame   0x0000000000000000       0x20 c:/st/stm32cubeide_1.4.0/stm32cubeide/plugins/com.st.stm32cube.ide.mcu.externaltools.gnu-tools-for-stm32.7-2018-q2-update.win32_1.4.0.202007081208/tools/bin/../lib/gcc/arm-none-eabi/7.3.1/../../../../arm-none-eabi/lib/thumb/v7-m\libc_nano.a(lib_a-memset.o)
 .ARM.attributes
                0x0000000000000000       0x2d c:/st/stm32cubeide_1.4.0/stm32cubeide/plugins/com.st.stm32cube.ide.mcu.externaltools.gnu-tools-for-stm32.7-2018-q2-update.win32_1.4.0.202007081208/tools/bin/../lib/gcc/arm-none-eabi/7.3.1/../../../../arm-none-eabi/lib/thumb/v7-m\libc_nano.a(lib_a-memset.o)
 .data          0x0000000000000000        0x0 c:/st/stm32cubeide_1.4.0/stm32cubeide/plugins/com.st.stm32cube.ide.mcu.externaltools.gnu-tools-for-stm32.7-2018-q2-update.win32_1.4.0.202007081208/tools/bin/../lib/gcc/arm-none-eabi/7.3.1/thumb/v7-m\libgcc.a(_arm_addsubdf3.o)
 .bss           0x0000000000000000        0x0 c:/st/stm32cubeide_1.4.0/stm32cubeide/plugins/com.st.stm32cube.ide.mcu.externaltools.gnu-tools-for-stm32.7-2018-q2-update.win32_1.4.0.202007081208/tools/bin/../lib/gcc/arm-none-eabi/7.3.1/thumb/v7-m\libgcc.a(_arm_addsubdf3.o)
 .data          0x0000000000000000        0x0 c:/st/stm32cubeide_1.4.0/stm32cubeide/plugins/com.st.stm32cube.ide.mcu.externaltools.gnu-tools-for-stm32.7-2018-q2-update.win32_1.4.0.202007081208/tools/bin/../lib/gcc/arm-none-eabi/7.3.1/thumb/v7-m\libgcc.a(_arm_muldivdf3.o)
 .bss           0x0000000000000000        0x0 c:/st/stm32cubeide_1.4.0/stm32cubeide/plugins/com.st.stm32cube.ide.mcu.externaltools.gnu-tools-for-stm32.7-2018-q2-update.win32_1.4.0.202007081208/tools/bin/../lib/gcc/arm-none-eabi/7.3.1/thumb/v7-m\libgcc.a(_arm_muldivdf3.o)
 .data          0x0000000000000000        0x0 c:/st/stm32cubeide_1.4.0/stm32cubeide/plugins/com.st.stm32cube.ide.mcu.externaltools.gnu-tools-for-stm32.7-2018-q2-update.win32_1.4.0.202007081208/tools/bin/../lib/gcc/arm-none-eabi/7.3.1/thumb/v7-m\libgcc.a(_arm_truncdfsf2.o)
 .bss           0x0000000000000000        0x0 c:/st/stm32cubeide_1.4.0/stm32cubeide/plugins/com.st.stm32cube.ide.mcu.externaltools.gnu-tools-for-stm32.7-2018-q2-update.win32_1.4.0.202007081208/tools/bin/../lib/gcc/arm-none-eabi/7.3.1/thumb/v7-m\libgcc.a(_arm_truncdfsf2.o)
 .data          0x0000000000000000        0x0 c:/st/stm32cubeide_1.4.0/stm32cubeide/plugins/com.st.stm32cube.ide.mcu.externaltools.gnu-tools-for-stm32.7-2018-q2-update.win32_1.4.0.202007081208/tools/bin/../lib/gcc/arm-none-eabi/7.3.1/thumb/v7-m\libgcc.a(_arm_addsubsf3.o)
 .bss           0x0000000000000000        0x0 c:/st/stm32cubeide_1.4.0/stm32cubeide/plugins/com.st.stm32cube.ide.mcu.externaltools.gnu-tools-for-stm32.7-2018-q2-update.win32_1.4.0.202007081208/tools/bin/../lib/gcc/arm-none-eabi/7.3.1/thumb/v7-m\libgcc.a(_arm_addsubsf3.o)
 .data          0x0000000000000000        0x0 c:/st/stm32cubeide_1.4.0/stm32cubeide/plugins/com.st.stm32cube.ide.mcu.externaltools.gnu-tools-for-stm32.7-2018-q2-update.win32_1.4.0.202007081208/tools/bin/../lib/gcc/arm-none-eabi/7.3.1/thumb/v7-m\libgcc.a(_arm_muldivsf3.o)
 .bss           0x0000000000000000        0x0 c:/st/stm32cubeide_1.4.0/stm32cubeide/plugins/com.st.stm32cube.ide.mcu.externaltools.gnu-tools-for-stm32.7-2018-q2-update.win32_1.4.0.202007081208/tools/bin/../lib/gcc/arm-none-eabi/7.3.1/thumb/v7-m\libgcc.a(_arm_muldivsf3.o)
 .data          0x0000000000000000        0x0 c:/st/stm32cubeide_1.4.0/stm32cubeide/plugins/com.st.stm32cube.ide.mcu.externaltools.gnu-tools-for-stm32.7-2018-q2-update.win32_1.4.0.202007081208/tools/bin/../lib/gcc/arm-none-eabi/7.3.1/thumb/v7-m\libgcc.a(_arm_cmpsf2.o)
 .bss           0x0000000000000000        0x0 c:/st/stm32cubeide_1.4.0/stm32cubeide/plugins/com.st.stm32cube.ide.mcu.externaltools.gnu-tools-for-stm32.7-2018-q2-update.win32_1.4.0.202007081208/tools/bin/../lib/gcc/arm-none-eabi/7.3.1/thumb/v7-m\libgcc.a(_arm_cmpsf2.o)
 .data          0x0000000000000000        0x0 c:/st/stm32cubeide_1.4.0/stm32cubeide/plugins/com.st.stm32cube.ide.mcu.externaltools.gnu-tools-for-stm32.7-2018-q2-update.win32_1.4.0.202007081208/tools/bin/../lib/gcc/arm-none-eabi/7.3.1/thumb/v7-m\libgcc.a(_arm_fixsfsi.o)
 .bss           0x0000000000000000        0x0 c:/st/stm32cubeide_1.4.0/stm32cubeide/plugins/com.st.stm32cube.ide.mcu.externaltools.gnu-tools-for-stm32.7-2018-q2-update.win32_1.4.0.202007081208/tools/bin/../lib/gcc/arm-none-eabi/7.3.1/thumb/v7-m\libgcc.a(_arm_fixsfsi.o)
 .data          0x0000000000000000        0x0 c:/st/stm32cubeide_1.4.0/stm32cubeide/plugins/com.st.stm32cube.ide.mcu.externaltools.gnu-tools-for-stm32.7-2018-q2-update.win32_1.4.0.202007081208/tools/bin/../lib/gcc/arm-none-eabi/7.3.1/thumb/v7-m\libgcc.a(_arm_fixunssfsi.o)
 .bss           0x0000000000000000        0x0 c:/st/stm32cubeide_1.4.0/stm32cubeide/plugins/com.st.stm32cube.ide.mcu.externaltools.gnu-tools-for-stm32.7-2018-q2-update.win32_1.4.0.202007081208/tools/bin/../lib/gcc/arm-none-eabi/7.3.1/thumb/v7-m\libgcc.a(_arm_fixunssfsi.o)
 .text          0x0000000000000000        0x0 c:/st/stm32cubeide_1.4.0/stm32cubeide/plugins/com.st.stm32cube.ide.mcu.externaltools.gnu-tools-for-stm32.7-2018-q2-update.win32_1.4.0.202007081208/tools/bin/../lib/gcc/arm-none-eabi/7.3.1/thumb/v7-m/crtend.o
 .data          0x0000000000000000        0x0 c:/st/stm32cubeide_1.4.0/stm32cubeide/plugins/com.st.stm32cube.ide.mcu.externaltools.gnu-tools-for-stm32.7-2018-q2-update.win32_1.4.0.202007081208/tools/bin/../lib/gcc/arm-none-eabi/7.3.1/thumb/v7-m/crtend.o
 .bss           0x0000000000000000        0x0 c:/st/stm32cubeide_1.4.0/stm32cubeide/plugins/com.st.stm32cube.ide.mcu.externaltools.gnu-tools-for-stm32.7-2018-q2-update.win32_1.4.0.202007081208/tools/bin/../lib/gcc/arm-none-eabi/7.3.1/thumb/v7-m/crtend.o
 .eh_frame      0x0000000000000000        0x4 c:/st/stm32cubeide_1.4.0/stm32cubeide/plugins/com.st.stm32cube.ide.mcu.externaltools.gnu-tools-for-stm32.7-2018-q2-update.win32_1.4.0.202007081208/tools/bin/../lib/gcc/arm-none-eabi/7.3.1/thumb/v7-m/crtend.o
 .ARM.attributes
                0x0000000000000000       0x2d c:/st/stm32cubeide_1.4.0/stm32cubeide/plugins/com.st.stm32cube.ide.mcu.externaltools.gnu-tools-for-stm32.7-2018-q2-update.win32_1.4.0.202007081208/tools/bin/../lib/gcc/arm-none-eabi/7.3.1/thumb/v7-m/crtend.o
 .text          0x0000000000000000        0x0 c:/st/stm32cubeide_1.4.0/stm32cubeide/plugins/com.st.stm32cube.ide.mcu.externaltools.gnu-tools-for-stm32.7-2018-q2-update.win32_1.4.0.202007081208/tools/bin/../lib/gcc/arm-none-eabi/7.3.1/thumb/v7-m/crtn.o
 .data          0x0000000000000000        0x0 c:/st/stm32cubeide_1.4.0/stm32cubeide/plugins/com.st.stm32cube.ide.mcu.externaltools.gnu-tools-for-stm32.7-2018-q2-update.win32_1.4.0.202007081208/tools/bin/../lib/gcc/arm-none-eabi/7.3.1/thumb/v7-m/crtn.o
 .bss           0x0000000000000000        0x0 c:/st/stm32cubeide_1.4.0/stm32cubeide/plugins/com.st.stm32cube.ide.mcu.externaltools.gnu-tools-for-stm32.7-2018-q2-update.win32_1.4.0.202007081208/tools/bin/../lib/gcc/arm-none-eabi/7.3.1/thumb/v7-m/crtn.o

Memory Configuration

Name             Origin             Length             Attributes
RAM              0x0000000020000000 0x0000000000002800 xrw
ROM              0x0000000008000000 0x0000000000008000 xr
*default*        0x0000000000000000 0xffffffffffffffff

Linker script and memory map

LOAD c:/st/stm32cubeide_1.4.0/stm32cubeide/plugins/com.st.stm32cube.ide.mcu.externaltools.gnu-tools-for-stm32.7-2018-q2-update.win32_1.4.0.202007081208/tools/bin/../lib/gcc/arm-none-eabi/7.3.1/thumb/v7-m/crti.o
LOAD c:/st/stm32cubeide_1.4.0/stm32cubeide/plugins/com.st.stm32cube.ide.mcu.externaltools.gnu-tools-for-stm32.7-2018-q2-update.win32_1.4.0.202007081208/tools/bin/../lib/gcc/arm-none-eabi/7.3.1/thumb/v7-m/crtbegin.o
LOAD c:/st/stm32cubeide_1.4.0/stm32cubeide/plugins/com.st.stm32cube.ide.mcu.externaltools.gnu-tools-for-stm32.7-2018-q2-update.win32_1.4.0.202007081208/tools/bin/../lib/gcc/arm-none-eabi/7.3.1/../../../../arm-none-eabi/lib/thumb/v7-m/crt0.o
LOAD APP/APP_program.o
LOAD HAL/GLCD/GLCD_program.o
LOAD MCAL/GPIO/GPIO_program.o
LOAD MCAL/NVIC/NVIC_program.o
LOAD MCAL/TIM/TIM_program.o
LOAD Src/main.o
LOAD Src/syscalls.o
LOAD Src/sysmem.o
LOAD Startup/startup_stm32f103c6tx.o
START GROUP
LOAD c:/st/stm32cubeide_1.4.0/stm32cubeide/plugins/com.st.stm32cube.ide.mcu.externaltools.gnu-tools-for-stm32.7-2018-q2-update.win32_1.4.0.202007081208/tools/bin/../lib/gcc/arm-none-eabi/7.3.1/../../../../arm-none-eabi/lib/thumb/v7-m\libc_nano.a
LOAD c:/st/stm32cubeide_1.4.0/stm32cubeide/plugins/com.st.stm32cube.ide.mcu.externaltools.gnu-tools-for-stm32.7-2018-q2-update.win32_1.4.0.202007081208/tools/bin/../lib/gcc/arm-none-eabi/7.3.1/../../../../arm-none-eabi/lib/thumb/v7-m\libm.a
END GROUP
START GROUP
LOAD c:/st/stm32cubeide_1.4.0/stm32cubeide/plugins/com.st.stm32cube.ide.mcu.externaltools.gnu-tools-for-stm32.7-2018-q2-update.win32_1.4.0.202007081208/tools/bin/../lib/gcc/arm-none-eabi/7.3.1/thumb/v7-m\libgcc.a
LOAD c:/st/stm32cubeide_1.4.0/stm32cubeide/plugins/com.st.stm32cube.ide.mcu.externaltools.gnu-tools-for-stm32.7-2018-q2-update.win32_1.4.0.202007081208/tools/bin/../lib/gcc/arm-none-eabi/7.3.1/../../../../arm-none-eabi/lib/thumb/v7-m\libc_nano.a
END GROUP
START GROUP
LOAD c:/st/stm32cubeide_1.4.0/stm32cubeide/plugins/com.st.stm32cube.ide.mcu.externaltools.gnu-tools-for-stm32.7-2018-q2-update.win32_1.4.0.202007081208/tools/bin/../lib/gcc/arm-none-eabi/7.3.1/thumb/v7-m\libgcc.a
LOAD c:/st/stm32cubeide_1.4.0/stm32cubeide/plugins/com.st.stm32cube.ide.mcu.externaltools.gnu-tools-for-stm32.7-2018-q2-update.win32_1.4.0.202007081208/tools/bin/../lib/gcc/arm-none-eabi/7.3.1/../../../../arm-none-eabi/lib/thumb/v7-m\libc_nano.a
LOAD c:/st/stm32cubeide_1.4.0/stm32cubeide/plugins/com.st.stm32cube.ide.mcu.externaltools.gnu-tools-for-stm32.7-2018-q2-update.win32_1.4.0.202007081208/tools/bin/../lib/gcc/arm-none-eabi/7.3.1/../../../../arm-none-eabi/lib/thumb/v7-m\libnosys.a
END GROUP
START GROUP
LOAD c:/st/stm32cubeide_1.4.0/stm32cubeide/plugins/com.st.stm32cube.ide.mcu.externaltools.gnu-tools-for-stm32.7-2018-q2-update.win32_1.4.0.202007081208/tools/bin/../lib/gcc/arm-none-eabi/7.3.1/thumb/v7-m\libgcc.a
LOAD c:/st/stm32cubeide_1.4.0/stm32cubeide/plugins/com.st.stm32cube.ide.mcu.externaltools.gnu-tools-for-stm32.7-2018-q2-update.win32_1.4.0.202007081208/tools/bin/../lib/gcc/arm-none-eabi/7.3.1/../../../../arm-none-eabi/lib/thumb/v7-m\libc_nano.a
LOAD c:/st/stm32cubeide_1.4.0/stm32cubeide/plugins/com.st.stm32cube.ide.mcu.externaltools.gnu-tools-for-stm32.7-2018-q2-update.win32_1.4.0.202007081208/tools/bin/../lib/gcc/arm-none-eabi/7.3.1/../../../../arm-none-eabi/lib/thumb/v7-m\libnosys.a
END GROUP
LOAD c:/st/stm32cubeide_1.4.0/stm32cubeide/plugins/com.st.stm32cube.ide.mcu.externaltools.gnu-tools-for-stm32.7-2018-q2-update.win32_1.4.0.202007081208/tools/bin/../lib/gcc/arm-none-eabi/7.3.1/thumb/v7-m/crtend.o
LOAD c:/st/stm32cubeide_1.4.0/stm32cubeide/plugins/com.st.stm32cube.ide.mcu.externaltools.gnu-tools-for-stm32.7-2018-q2-update.win32_1.4.0.202007081208/tools/bin/../lib/gcc/arm-none-eabi/7.3.1/thumb/v7-m/crtn.o
                0x0000000020002800                _estack = (ORIGIN (RAM) + LENGTH (RAM))
                0x0000000000000200                _Min_Heap_Size = 0x200
                0x0000000000000400                _Min_Stack_Size = 0x400

.isr_vector     0x0000000008000000      0x130
                0x0000000008000000                . = ALIGN (0x4)
 *(.isr_vector)
 .isr_vector    0x0000000008000000      0x130 Startup/startup_stm32f103c6tx.o
                0x0000000008000000                g_pfnVectors
                0x0000000008000130                . = ALIGN (0x4)

.text           0x0000000008000130     0x220c
                0x0000000008000130                . = ALIGN (0x4)
 *(.text)
 .text          0x0000000008000130       0x40 c:/st/stm32cubeide_1.4.0/stm32cubeide/plugins/com.st.stm32cube.ide.mcu.externaltools.gnu-tools-for-stm32.7-2018-q2-update.win32_1.4.0.202007081208/tools/bin/../lib/gcc/arm-none-eabi/7.3.1/thumb/v7-m/crtbegin.o
 .text          0x0000000008000170      0x378 c:/st/stm32cubeide_1.4.0/stm32cubeide/plugins/com.st.stm32cube.ide.mcu.externaltools.gnu-tools-for-stm32.7-2018-q2-update.win32_1.4.0.202007081208/tools/bin/../lib/gcc/arm-none-eabi/7.3.1/thumb/v7-m\libgcc.a(_arm_addsubdf3.o)
                0x0000000008000170                __aeabi_drsub
                0x0000000008000178                __aeabi_dsub
                0x0000000008000178                __subdf3
                0x000000000800017c                __aeabi_dadd
                0x000000000800017c                __adddf3
                0x00000000080003f4                __floatunsidf
                0x00000000080003f4                __aeabi_ui2d
                0x0000000008000414                __floatsidf
                0x0000000008000414                __aeabi_i2d
                0x0000000008000438                __aeabi_f2d
                0x0000000008000438                __extendsfdf2
                0x000000000800047c                __floatundidf
                0x000000000800047c                __aeabi_ul2d
                0x000000000800048c                __floatdidf
                0x000000000800048c                __aeabi_l2d
 .text          0x00000000080004e8      0x424 c:/st/stm32cubeide_1.4.0/stm32cubeide/plugins/com.st.stm32cube.ide.mcu.externaltools.gnu-tools-for-stm32.7-2018-q2-update.win32_1.4.0.202007081208/tools/bin/../lib/gcc/arm-none-eabi/7.3.1/thumb/v7-m\libgcc.a(_arm_muldivdf3.o)
                0x00000000080004e8                __aeabi_dmul
                0x00000000080004e8                __muldf3
                0x000000000800073c                __divdf3
                0x000000000800073c                __aeabi_ddiv
 .text          0x000000000800090c       0xa0 c:/st/stm32cubeide_1.4.0/stm32cubeide/plugins/com.st.stm32cube.ide.mcu.externaltools.gnu-tools-for-stm32.7-2018-q2-update.win32_1.4.0.202007081208/tools/bin/../lib/gcc/arm-none-eabi/7.3.1/thumb/v7-m\libgcc.a(_arm_truncdfsf2.o)
                0x000000000800090c                __truncdfsf2
                0x000000000800090c                __aeabi_d2f
 .text          0x00000000080009ac      0x21c c:/st/stm32cubeide_1.4.0/stm32cubeide/plugins/com.st.stm32cube.ide.mcu.externaltools.gnu-tools-for-stm32.7-2018-q2-update.win32_1.4.0.202007081208/tools/bin/../lib/gcc/arm-none-eabi/7.3.1/thumb/v7-m\libgcc.a(_arm_addsubsf3.o)
                0x00000000080009ac                __aeabi_frsub
                0x00000000080009b4                __subsf3
                0x00000000080009b4                __aeabi_fsub
                0x00000000080009b8                __aeabi_fadd
                0x00000000080009b8                __addsf3
                0x0000000008000b18                __aeabi_ui2f
                0x0000000008000b18                __floatunsisf
                0x0000000008000b20                __aeabi_i2f
                0x0000000008000b20                __floatsisf
                0x0000000008000b3c                __aeabi_ul2f
                0x0000000008000b3c                __floatundisf
                0x0000000008000b4c                __aeabi_l2f
                0x0000000008000b4c                __floatdisf
 .text          0x0000000008000bc8      0x2a0 c:/st/stm32cubeide_1.4.0/stm32cubeide/plugins/com.st.stm32cube.ide.mcu.externaltools.gnu-tools-for-stm32.7-2018-q2-update.win32_1.4.0.202007081208/tools/bin/../lib/gcc/arm-none-eabi/7.3.1/thumb/v7-m\libgcc.a(_arm_muldivsf3.o)
                0x0000000008000bc8                __mulsf3
                0x0000000008000bc8                __aeabi_fmul
                0x0000000008000d30                __aeabi_fdiv
                0x0000000008000d30                __divsf3
 .text          0x0000000008000e68       0xec c:/st/stm32cubeide_1.4.0/stm32cubeide/plugins/com.st.stm32cube.ide.mcu.externaltools.gnu-tools-for-stm32.7-2018-q2-update.win32_1.4.0.202007081208/tools/bin/../lib/gcc/arm-none-eabi/7.3.1/thumb/v7-m\libgcc.a(_arm_cmpsf2.o)
                0x0000000008000e68                __gesf2
                0x0000000008000e68                __gtsf2
                0x0000000008000e70                __lesf2
                0x0000000008000e70                __ltsf2
                0x0000000008000e78                __nesf2
                0x0000000008000e78                __eqsf2
                0x0000000008000e78                __cmpsf2
                0x0000000008000ed8                __aeabi_cfrcmple
                0x0000000008000ee0                __aeabi_cfcmpeq
                0x0000000008000ee0                __aeabi_cfcmple
                0x0000000008000ef0                __aeabi_fcmpeq
                0x0000000008000f04                __aeabi_fcmplt
                0x0000000008000f18                __aeabi_fcmple
                0x0000000008000f2c                __aeabi_fcmpge
                0x0000000008000f40                __aeabi_fcmpgt
 .text          0x0000000008000f54       0x4c c:/st/stm32cubeide_1.4.0/stm32cubeide/plugins/com.st.stm32cube.ide.mcu.externaltools.gnu-tools-for-stm32.7-2018-q2-update.win32_1.4.0.202007081208/tools/bin/../lib/gcc/arm-none-eabi/7.3.1/thumb/v7-m\libgcc.a(_arm_fixsfsi.o)
                0x0000000008000f54                __aeabi_f2iz
                0x0000000008000f54                __fixsfsi
 .text          0x0000000008000fa0       0x40 c:/st/stm32cubeide_1.4.0/stm32cubeide/plugins/com.st.stm32cube.ide.mcu.externaltools.gnu-tools-for-stm32.7-2018-q2-update.win32_1.4.0.202007081208/tools/bin/../lib/gcc/arm-none-eabi/7.3.1/thumb/v7-m\libgcc.a(_arm_fixunssfsi.o)
                0x0000000008000fa0                __fixunssfsi
                0x0000000008000fa0                __aeabi_f2uiz
 *(.text*)
 .text.APP_IC_Calculate_Freq_Duty
                0x0000000008000fe0      0x11c APP/APP_program.o
 .text.APP_GLCD_DrawPWM
                0x00000000080010fc       0xd0 APP/APP_program.o
 .text.APP_GLCD_PrintFreq
                0x00000000080011cc       0x40 APP/APP_program.o
 .text.APP_GLCD_PrintDuty
                0x000000000800120c       0x40 APP/APP_program.o
 .text.APP_GLCD_PrintPeriod
                0x000000000800124c       0x40 APP/APP_program.o
 .text.APP_Init
                0x000000000800128c       0x28 APP/APP_program.o
                0x000000000800128c                APP_Init
 .text.APP_IC_Start
                0x00000000080012b4       0x50 APP/APP_program.o
                0x00000000080012b4                APP_IC_Start
 .text.APP_PWM_Start
                0x0000000008001304       0x20 APP/APP_program.o
                0x0000000008001304                APP_PWM_Start
 .text.APP_IC_GetFreq_KHZ
                0x0000000008001324       0x20 APP/APP_program.o
 .text.APP_IC_GetPeriod_ms
                0x0000000008001344       0x78 APP/APP_program.o
 .text.APP_IC_GetDuty
                0x00000000080013bc       0x14 APP/APP_program.o
 .text.APP_GLCD_Print_Init
                0x00000000080013d0       0x54 APP/APP_program.o
                0x00000000080013d0                APP_GLCD_Print_Init
 .text.APP_GLCD_Update
                0x0000000008001424       0x98 APP/APP_program.o
                0x0000000008001424                APP_GLCD_Update
 .text.Delay    0x00000000080014bc       0x2e HAL/GLCD/GLCD_program.o
 *fill*         0x00000000080014ea        0x2 
 .text.GLCD_Send
                0x00000000080014ec      0x114 HAL/GLCD/GLCD_program.o
 .text.GLCD_SendCommand
                0x0000000008001600       0x50 HAL/GLCD/GLCD_program.o
 .text.GLCD_SendData
                0x0000000008001650       0x84 HAL/GLCD/GLCD_program.o
 .text.GLCD_GoToLine
                0x00000000080016d4       0x2e HAL/GLCD/GLCD_program.o
 *fill*         0x0000000008001702        0x2 
 .text.GLCD_GoToColumn
                0x0000000008001704       0xb8 HAL/GLCD/GLCD_program.o
 .text.GLCD_GoTo_Col_Line
                0x00000000080017bc       0x2e HAL/GLCD/GLCD_program.o
 .text.GLCD_reverseString
                0x00000000080017ea       0x58 HAL/GLCD/GLCD_program.o
 *fill*         0x0000000008001842        0x2 
 .text.GLCD_Init
                0x0000000008001844       0xd4 HAL/GLCD/GLCD_program.o
                0x0000000008001844                GLCD_Init
 .text.GLCD_PrintChar
                0x0000000008001918       0x78 HAL/GLCD/GLCD_program.o
                0x0000000008001918                GLCD_PrintChar
 .text.GLCD_PrintString
                0x0000000008001990       0x4e HAL/GLCD/GLCD_program.o
                0x0000000008001990                GLCD_PrintString
 *fill*         0x00000000080019de        0x2 
 .text.GLCD_PrintNum
                0x00000000080019e0       0xd0 HAL/GLCD/GLCD_program.o
                0x00000000080019e0                GLCD_PrintNum
 .text.GLCD_PrintFloat
                0x0000000008001ab0      0x138 HAL/GLCD/GLCD_program.o
                0x0000000008001ab0                GLCD_PrintFloat
 .text.GLCD_ClearLine
                0x0000000008001be8       0x90 HAL/GLCD/GLCD_program.o
                0x0000000008001be8                GLCD_ClearLine
 .text.GLCD_DrawHLine
                0x0000000008001c78       0x44 HAL/GLCD/GLCD_program.o
                0x0000000008001c78                GLCD_DrawHLine
 .text.GLCD_DrawVLine
                0x0000000008001cbc       0x44 HAL/GLCD/GLCD_program.o
                0x0000000008001cbc                GLCD_DrawVLine
 .text.GPIO_SetPinDirSpeed
                0x0000000008001d00       0x7a MCAL/GPIO/GPIO_program.o
                0x0000000008001d00                GPIO_SetPinDirSpeed
 .text.GPIO_SetPinValue
                0x0000000008001d7a       0x4e MCAL/GPIO/GPIO_program.o
                0x0000000008001d7a                GPIO_SetPinValue
 .text.GPIO_SetPortValue
                0x0000000008001dc8       0x1a MCAL/GPIO/GPIO_program.o
                0x0000000008001dc8                GPIO_SetPortValue
 *fill*         0x0000000008001de2        0x2 
 .text.NVIC_EnableIRQ
                0x0000000008001de4       0x30 MCAL/NVIC/NVIC_program.o
                0x0000000008001de4                NVIC_EnableIRQ
 .text.TIM_Init
                0x0000000008001e14       0x9c MCAL/TIM/TIM_program.o
                0x0000000008001e14                TIM_Init
 .text.TIM_PWM_Start
                0x0000000008001eb0      0x144 MCAL/TIM/TIM_program.o
                0x0000000008001eb0                TIM_PWM_Start
 .text.TIM_IC_Start
                0x0000000008001ff4      0x180 MCAL/TIM/TIM_program.o
                0x0000000008001ff4                TIM_IC_Start
 .text.TIM_IC_INT_Enable
                0x0000000008002174       0x48 MCAL/TIM/TIM_program.o
                0x0000000008002174                TIM_IC_INT_Enable
 .text.TIM3_SetCallback
                0x00000000080021bc       0x1c MCAL/TIM/TIM_program.o
                0x00000000080021bc                TIM3_SetCallback
 .text.TIM1_UP_IRQHandler
                0x00000000080021d8       0x1c MCAL/TIM/TIM_program.o
                0x00000000080021d8                TIM1_UP_IRQHandler
 .text.TIM1_TRG_COM_IRQHandler
                0x00000000080021f4       0x1c MCAL/TIM/TIM_program.o
                0x00000000080021f4                TIM1_TRG_COM_IRQHandler
 .text.TIM1_CC_IRQHandler
                0x0000000008002210       0x1c MCAL/TIM/TIM_program.o
                0x0000000008002210                TIM1_CC_IRQHandler
 .text.TIM2_IRQHandler
                0x000000000800222c       0x20 MCAL/TIM/TIM_program.o
                0x000000000800222c                TIM2_IRQHandler
 .text.TIM3_IRQHandler
                0x000000000800224c       0x1c MCAL/TIM/TIM_program.o
                0x000000000800224c                TIM3_IRQHandler
 .text.main     0x0000000008002268       0x20 Src/main.o
                0x0000000008002268                main
 .text.Reset_Handler
                0x0000000008002288       0x50 Startup/startup_stm32f103c6tx.o
                0x0000000008002288                Reset_Handler
 .text.Default_Handler
                0x00000000080022d8        0x2 Startup/startup_stm32f103c6tx.o
                0x00000000080022d8                EXTI2_IRQHandler
                0x00000000080022d8                TIM8_TRG_COM_IRQHandler
                0x00000000080022d8                TIM8_CC_IRQHandler
                0x00000000080022d8                DebugMon_Handler
                0x00000000080022d8                HardFault_Handler
                0x00000000080022d8                TIM6_IRQHandler
                0x00000000080022d8                SysTick_Handler
                0x00000000080022d8                PVD_IRQHandler
                0x00000000080022d8                SDIO_IRQHandler
                0x00000000080022d8                PendSV_Handler
                0x00000000080022d8                NMI_Handler
                0x00000000080022d8                EXTI3_IRQHandler
                0x00000000080022d8                USB_HP_CAN_TX_IRQHandler
                0x00000000080022d8                EXTI0_IRQHandler
                0x00000000080022d8                I2C2_EV_IRQHandler
                0x00000000080022d8                UsageFault_Handler
                0x00000000080022d8                ADC1_2_IRQHandler
                0x00000000080022d8                SPI1_IRQHandler
                0x00000000080022d8                CAN_SCE_IRQHandler
                0x00000000080022d8                TAMPER_IRQHandler
                0x00000000080022d8                TIM8_UP_IRQHandler
                0x00000000080022d8                DMA2_Channel2_IRQHandler
                0x00000000080022d8                DMA1_Channel4_IRQHandler
                0x00000000080022d8                USART3_IRQHandler
                0x00000000080022d8                RTC_IRQHandler
                0x00000000080022d8                DMA1_Channel7_IRQHandler
                0x00000000080022d8                UART5_IRQHandler
                0x00000000080022d8                ADC3_IRQHandler
                0x00000000080022d8                TIM4_IRQHandler
                0x00000000080022d8                CAN_RX1_IRQHandler
                0x00000000080022d8                DMA2_Channel1_IRQHandler
                0x00000000080022d8                I2C1_EV_IRQHandler
                0x00000000080022d8                DMA1_Channel6_IRQHandler
                0x00000000080022d8                UART4_IRQHandler
                0x00000000080022d8                RCC_IRQHandler
                0x00000000080022d8                DMA1_Channel1_IRQHandler
                0x00000000080022d8                Default_Handler
                0x00000000080022d8                EXTI15_10_IRQHandler
                0x00000000080022d8                TIM7_IRQHandler
                0x00000000080022d8                TIM5_IRQHandler
                0x00000000080022d8                EXTI9_5_IRQHandler
                0x00000000080022d8                SPI2_IRQHandler
                0x00000000080022d8                USB_LP_CAN_RX0_IRQHandler
                0x00000000080022d8                MemManage_Handler
                0x00000000080022d8                SVC_Handler
                0x00000000080022d8                DMA1_Channel5_IRQHandler
                0x00000000080022d8                EXTI4_IRQHandler
                0x00000000080022d8                DMA1_Channel3_IRQHandler
                0x00000000080022d8                FSMC_IRQHandler
                0x00000000080022d8                WWDG_IRQHandler
                0x00000000080022d8                TIM1_BRK_IRQHandler
                0x00000000080022d8                EXTI1_IRQHandler
                0x00000000080022d8                RTCAlarm_IRQHandler
                0x00000000080022d8                DMA2_Channel4_5_IRQHandler
                0x00000000080022d8                USART2_IRQHandler
                0x00000000080022d8                I2C2_ER_IRQHandler
                0x00000000080022d8                DMA1_Channel2_IRQHandler
                0x00000000080022d8                TIM8_BRK_IRQHandler
                0x00000000080022d8                FLASH_IRQHandler
                0x00000000080022d8                BusFault_Handler
                0x00000000080022d8                USART1_IRQHandler
                0x00000000080022d8                SPI3_IRQHandler
                0x00000000080022d8                I2C1_ER_IRQHandler
                0x00000000080022d8                DMA2_Channel3_IRQHandler
 *fill*         0x00000000080022da        0x2 
 .text.__libc_init_array
                0x00000000080022dc       0x48 c:/st/stm32cubeide_1.4.0/stm32cubeide/plugins/com.st.stm32cube.ide.mcu.externaltools.gnu-tools-for-stm32.7-2018-q2-update.win32_1.4.0.202007081208/tools/bin/../lib/gcc/arm-none-eabi/7.3.1/../../../../arm-none-eabi/lib/thumb/v7-m\libc_nano.a(lib_a-init.o)
                0x00000000080022dc                __libc_init_array
 *(.glue_7)
 .glue_7        0x0000000008002324        0x0 linker stubs
 *(.glue_7t)
 .glue_7t       0x0000000008002324        0x0 linker stubs
 *(.eh_frame)
 .eh_frame      0x0000000008002324        0x0 c:/st/stm32cubeide_1.4.0/stm32cubeide/plugins/com.st.stm32cube.ide.mcu.externaltools.gnu-tools-for-stm32.7-2018-q2-update.win32_1.4.0.202007081208/tools/bin/../lib/gcc/arm-none-eabi/7.3.1/thumb/v7-m/crtbegin.o
 *(.init)
 .init          0x0000000008002324        0x4 c:/st/stm32cubeide_1.4.0/stm32cubeide/plugins/com.st.stm32cube.ide.mcu.externaltools.gnu-tools-for-stm32.7-2018-q2-update.win32_1.4.0.202007081208/tools/bin/../lib/gcc/arm-none-eabi/7.3.1/thumb/v7-m/crti.o
                0x0000000008002324                _init
 .init          0x0000000008002328        0x8 c:/st/stm32cubeide_1.4.0/stm32cubeide/plugins/com.st.stm32cube.ide.mcu.externaltools.gnu-tools-for-stm32.7-2018-q2-update.win32_1.4.0.202007081208/tools/bin/../lib/gcc/arm-none-eabi/7.3.1/thumb/v7-m/crtn.o
 *(.fini)
 .fini          0x0000000008002330        0x4 c:/st/stm32cubeide_1.4.0/stm32cubeide/plugins/com.st.stm32cube.ide.mcu.externaltools.gnu-tools-for-stm32.7-2018-q2-update.win32_1.4.0.202007081208/tools/bin/../lib/gcc/arm-none-eabi/7.3.1/thumb/v7-m/crti.o
                0x0000000008002330                _fini
 .fini          0x0000000008002334        0x8 c:/st/stm32cubeide_1.4.0/stm32cubeide/plugins/com.st.stm32cube.ide.mcu.externaltools.gnu-tools-for-stm32.7-2018-q2-update.win32_1.4.0.202007081208/tools/bin/../lib/gcc/arm-none-eabi/7.3.1/thumb/v7-m/crtn.o
                0x000000000800233c                . = ALIGN (0x4)
                0x000000000800233c                _etext = .

.vfp11_veneer   0x000000000800233c        0x0
 .vfp11_veneer  0x000000000800233c        0x0 linker stubs

.v4_bx          0x000000000800233c        0x0
 .v4_bx         0x000000000800233c        0x0 linker stubs

.iplt           0x000000000800233c        0x0
 .iplt          0x000000000800233c        0x0 c:/st/stm32cubeide_1.4.0/stm32cubeide/plugins/com.st.stm32cube.ide.mcu.externaltools.gnu-tools-for-stm32.7-2018-q2-update.win32_1.4.0.202007081208/tools/bin/../lib/gcc/arm-none-eabi/7.3.1/thumb/v7-m/crtbegin.o

.rodata         0x000000000800233c       0x24
                0x000000000800233c                . = ALIGN (0x4)
 *(.rodata)
 .rodata        0x000000000800233c       0x23 APP/APP_program.o
 *(.rodata*)
                0x0000000008002360                . = ALIGN (0x4)
 *fill*         0x000000000800235f        0x1 

.rel.dyn        0x0000000008002360        0x0
 .rel.iplt      0x0000000008002360        0x0 c:/st/stm32cubeide_1.4.0/stm32cubeide/plugins/com.st.stm32cube.ide.mcu.externaltools.gnu-tools-for-stm32.7-2018-q2-update.win32_1.4.0.202007081208/tools/bin/../lib/gcc/arm-none-eabi/7.3.1/thumb/v7-m/crtbegin.o

.ARM.extab      0x0000000008002360        0x0
                0x0000000008002360                . = ALIGN (0x4)
 *(.ARM.extab* .gnu.linkonce.armextab.*)
                0x0000000008002360                . = ALIGN (0x4)

.ARM            0x0000000008002360        0x0
                0x0000000008002360                . = ALIGN (0x4)
                0x0000000008002360                __exidx_start = .
 *(.ARM.exidx*)
                0x0000000008002360                __exidx_end = .
                0x0000000008002360                . = ALIGN (0x4)

.preinit_array  0x0000000008002360        0x0
                0x0000000008002360                . = ALIGN (0x4)
                0x0000000008002360                PROVIDE (__preinit_array_start = .)
 *(.preinit_array*)
                0x0000000008002360                PROVIDE (__preinit_array_end = .)
                0x0000000008002360                . = ALIGN (0x4)

.init_array     0x0000000008002360        0x4
                0x0000000008002360                . = ALIGN (0x4)
                0x0000000008002360                PROVIDE (__init_array_start = .)
 *(SORT_BY_NAME(.init_array.*))
 *(.init_array*)
 .init_array    0x0000000008002360        0x4 c:/st/stm32cubeide_1.4.0/stm32cubeide/plugins/com.st.stm32cube.ide.mcu.externaltools.gnu-tools-for-stm32.7-2018-q2-update.win32_1.4.0.202007081208/tools/bin/../lib/gcc/arm-none-eabi/7.3.1/thumb/v7-m/crtbegin.o
                0x0000000008002364                PROVIDE (__init_array_end = .)
                0x0000000008002364                . = ALIGN (0x4)

.fini_array     0x0000000008002364        0x4
                0x0000000008002364                . = ALIGN (0x4)
                [!provide]                        PROVIDE (__fini_array_start = .)
 *(SORT_BY_NAME(.fini_array.*))
 *(.fini_array*)
 .fini_array    0x0000000008002364        0x4 c:/st/stm32cubeide_1.4.0/stm32cubeide/plugins/com.st.stm32cube.ide.mcu.externaltools.gnu-tools-for-stm32.7-2018-q2-update.win32_1.4.0.202007081208/tools/bin/../lib/gcc/arm-none-eabi/7.3.1/thumb/v7-m/crtbegin.o
                [!provide]                        PROVIDE (__fini_array_end = .)
                0x0000000008002368                . = ALIGN (0x4)
                0x0000000008002368                _sidata = LOADADDR (.data)

.data           0x0000000020000000      0x7f8 load address 0x0000000008002368
                0x0000000020000000                . = ALIGN (0x4)
                0x0000000020000000                _sdata = .
 *(.data)
 *(.data*)
 .data.Font     0x0000000020000000      0x7f8 HAL/GLCD/GLCD_program.o
                0x0000000020000000                Font
                0x00000000200007f8                . = ALIGN (0x4)
                0x00000000200007f8                _edata = .

.igot.plt       0x00000000200007f8        0x0 load address 0x0000000008002b60
 .igot.plt      0x00000000200007f8        0x0 c:/st/stm32cubeide_1.4.0/stm32cubeide/plugins/com.st.stm32cube.ide.mcu.externaltools.gnu-tools-for-stm32.7-2018-q2-update.win32_1.4.0.202007081208/tools/bin/../lib/gcc/arm-none-eabi/7.3.1/thumb/v7-m/crtbegin.o
                0x00000000200007f8                . = ALIGN (0x4)

.bss            0x00000000200007f8       0x58 load address 0x0000000008002b60
                0x00000000200007f8                _sbss = .
                0x00000000200007f8                __bss_start__ = _sbss
 *(.bss)
 .bss           0x00000000200007f8       0x1c c:/st/stm32cubeide_1.4.0/stm32cubeide/plugins/com.st.stm32cube.ide.mcu.externaltools.gnu-tools-for-stm32.7-2018-q2-update.win32_1.4.0.202007081208/tools/bin/../lib/gcc/arm-none-eabi/7.3.1/thumb/v7-m/crtbegin.o
 *(.bss*)
 .bss.IsFirstCapture
                0x0000000020000814        0x1 APP/APP_program.o
 *fill*         0x0000000020000815        0x3 
 .bss.firstRisingEdgeCount
                0x0000000020000818        0x4 APP/APP_program.o
 .bss.secondRisingEdgeCount
                0x000000002000081c        0x4 APP/APP_program.o
 .bss.risingEdgeDifference
                0x0000000020000820        0x4 APP/APP_program.o
 .bss.dutydiff  0x0000000020000824        0x4 APP/APP_program.o
 .bss.frequency
                0x0000000020000828        0x4 APP/APP_program.o
 .bss.duty      0x000000002000082c        0x4 APP/APP_program.o
 .bss.oldFreq   0x0000000020000830        0x4 APP/APP_program.o
 .bss.oldDuty   0x0000000020000834        0x4 APP/APP_program.o
 .bss.oldPeriod
                0x0000000020000838        0x4 APP/APP_program.o
 .bss.TIM1_UP_Callback_Ptr
                0x000000002000083c        0x4 MCAL/TIM/TIM_program.o
 .bss.TIM1_TRG_COM_Callback_Ptr
                0x0000000020000840        0x4 MCAL/TIM/TIM_program.o
 .bss.TIM1_CC_Callback_Ptr
                0x0000000020000844        0x4 MCAL/TIM/TIM_program.o
 .bss.TIM2_Callback_Ptr
                0x0000000020000848        0x4 MCAL/TIM/TIM_program.o
 .bss.TIM3_Callback_Ptr
                0x000000002000084c        0x4 MCAL/TIM/TIM_program.o
 *(COMMON)
                0x0000000020000850                . = ALIGN (0x4)
                0x0000000020000850                _ebss = .
                0x0000000020000850                __bss_end__ = _ebss

._user_heap_stack
                0x0000000020000850      0x600 load address 0x0000000008002b60
                0x0000000020000850                . = ALIGN (0x8)
                [!provide]                        PROVIDE (end = .)
                0x0000000020000850                PROVIDE (_end = .)
                0x0000000020000a50                . = (. + _Min_Heap_Size)
 *fill*         0x0000000020000850      0x200 
                0x0000000020000e50                . = (. + _Min_Stack_Size)
 *fill*         0x0000000020000a50      0x400 
                0x0000000020000e50                . = ALIGN (0x8)

/DISCARD/
 libc.a(*)
 libm.a(*)
 libgcc.a(*)

.ARM.attributes
                0x0000000000000000       0x29
 *(.ARM.attributes)
 .ARM.attributes
                0x0000000000000000       0x1d c:/st/stm32cubeide_1.4.0/stm32cubeide/plugins/com.st.stm32cube.ide.mcu.externaltools.gnu-tools-for-stm32.7-2018-q2-update.win32_1.4.0.202007081208/tools/bin/../lib/gcc/arm-none-eabi/7.3.1/thumb/v7-m/crti.o
 .ARM.attributes
                0x000000000000001d       0x2d c:/st/stm32cubeide_1.4.0/stm32cubeide/plugins/com.st.stm32cube.ide.mcu.externaltools.gnu-tools-for-stm32.7-2018-q2-update.win32_1.4.0.202007081208/tools/bin/../lib/gcc/arm-none-eabi/7.3.1/thumb/v7-m/crtbegin.o
 .ARM.attributes
                0x000000000000004a       0x33 APP/APP_program.o
 .ARM.attributes
                0x000000000000007d       0x33 HAL/GLCD/GLCD_program.o
 .ARM.attributes
                0x00000000000000b0       0x33 MCAL/GPIO/GPIO_program.o
 .ARM.attributes
                0x00000000000000e3       0x33 MCAL/NVIC/NVIC_program.o
 .ARM.attributes
                0x0000000000000116       0x33 MCAL/TIM/TIM_program.o
 .ARM.attributes
                0x0000000000000149       0x33 Src/main.o
 .ARM.attributes
                0x000000000000017c       0x21 Startup/startup_stm32f103c6tx.o
 .ARM.attributes
                0x000000000000019d       0x2d c:/st/stm32cubeide_1.4.0/stm32cubeide/plugins/com.st.stm32cube.ide.mcu.externaltools.gnu-tools-for-stm32.7-2018-q2-update.win32_1.4.0.202007081208/tools/bin/../lib/gcc/arm-none-eabi/7.3.1/../../../../arm-none-eabi/lib/thumb/v7-m\libc_nano.a(lib_a-init.o)
 .ARM.attributes
                0x00000000000001ca       0x1d c:/st/stm32cubeide_1.4.0/stm32cubeide/plugins/com.st.stm32cube.ide.mcu.externaltools.gnu-tools-for-stm32.7-2018-q2-update.win32_1.4.0.202007081208/tools/bin/../lib/gcc/arm-none-eabi/7.3.1/thumb/v7-m\libgcc.a(_arm_addsubdf3.o)
 .ARM.attributes
                0x00000000000001e7       0x1d c:/st/stm32cubeide_1.4.0/stm32cubeide/plugins/com.st.stm32cube.ide.mcu.externaltools.gnu-tools-for-stm32.7-2018-q2-update.win32_1.4.0.202007081208/tools/bin/../lib/gcc/arm-none-eabi/7.3.1/thumb/v7-m\libgcc.a(_arm_muldivdf3.o)
 .ARM.attributes
                0x0000000000000204       0x1d c:/st/stm32cubeide_1.4.0/stm32cubeide/plugins/com.st.stm32cube.ide.mcu.externaltools.gnu-tools-for-stm32.7-2018-q2-update.win32_1.4.0.202007081208/tools/bin/../lib/gcc/arm-none-eabi/7.3.1/thumb/v7-m\libgcc.a(_arm_truncdfsf2.o)
 .ARM.attributes
                0x0000000000000221       0x1d c:/st/stm32cubeide_1.4.0/stm32cubeide/plugins/com.st.stm32cube.ide.mcu.externaltools.gnu-tools-for-stm32.7-2018-q2-update.win32_1.4.0.202007081208/tools/bin/../lib/gcc/arm-none-eabi/7.3.1/thumb/v7-m\libgcc.a(_arm_addsubsf3.o)
 .ARM.attributes
                0x000000000000023e       0x1d c:/st/stm32cubeide_1.4.0/stm32cubeide/plugins/com.st.stm32cube.ide.mcu.externaltools.gnu-tools-for-stm32.7-2018-q2-update.win32_1.4.0.202007081208/tools/bin/../lib/gcc/arm-none-eabi/7.3.1/thumb/v7-m\libgcc.a(_arm_muldivsf3.o)
 .ARM.attributes
                0x000000000000025b       0x1d c:/st/stm32cubeide_1.4.0/stm32cubeide/plugins/com.st.stm32cube.ide.mcu.externaltools.gnu-tools-for-stm32.7-2018-q2-update.win32_1.4.0.202007081208/tools/bin/../lib/gcc/arm-none-eabi/7.3.1/thumb/v7-m\libgcc.a(_arm_cmpsf2.o)
 .ARM.attributes
                0x0000000000000278       0x1d c:/st/stm32cubeide_1.4.0/stm32cubeide/plugins/com.st.stm32cube.ide.mcu.externaltools.gnu-tools-for-stm32.7-2018-q2-update.win32_1.4.0.202007081208/tools/bin/../lib/gcc/arm-none-eabi/7.3.1/thumb/v7-m\libgcc.a(_arm_fixsfsi.o)
 .ARM.attributes
                0x0000000000000295       0x1d c:/st/stm32cubeide_1.4.0/stm32cubeide/plugins/com.st.stm32cube.ide.mcu.externaltools.gnu-tools-for-stm32.7-2018-q2-update.win32_1.4.0.202007081208/tools/bin/../lib/gcc/arm-none-eabi/7.3.1/thumb/v7-m\libgcc.a(_arm_fixunssfsi.o)
 .ARM.attributes
                0x00000000000002b2       0x1d c:/st/stm32cubeide_1.4.0/stm32cubeide/plugins/com.st.stm32cube.ide.mcu.externaltools.gnu-tools-for-stm32.7-2018-q2-update.win32_1.4.0.202007081208/tools/bin/../lib/gcc/arm-none-eabi/7.3.1/thumb/v7-m/crtn.o
OUTPUT(PWM_Drawer.elf elf32-littlearm)

.debug_info     0x0000000000000000     0x1a50
 .debug_info    0x0000000000000000      0x5af APP/APP_program.o
 .debug_info    0x00000000000005af      0x766 HAL/GLCD/GLCD_program.o
 .debug_info    0x0000000000000d15      0x385 MCAL/GPIO/GPIO_program.o
 .debug_info    0x000000000000109a      0x2f5 MCAL/NVIC/NVIC_program.o
 .debug_info    0x000000000000138f      0x60c MCAL/TIM/TIM_program.o
 .debug_info    0x000000000000199b       0x93 Src/main.o
 .debug_info    0x0000000000001a2e       0x22 Startup/startup_stm32f103c6tx.o

.debug_abbrev   0x0000000000000000      0x6f6
 .debug_abbrev  0x0000000000000000      0x199 APP/APP_program.o
 .debug_abbrev  0x0000000000000199      0x1d2 HAL/GLCD/GLCD_program.o
 .debug_abbrev  0x000000000000036b      0x12f MCAL/GPIO/GPIO_program.o
 .debug_abbrev  0x000000000000049a       0xe2 MCAL/NVIC/NVIC_program.o
 .debug_abbrev  0x000000000000057c      0x123 MCAL/TIM/TIM_program.o
 .debug_abbrev  0x000000000000069f       0x45 Src/main.o
 .debug_abbrev  0x00000000000006e4       0x12 Startup/startup_stm32f103c6tx.o

.debug_aranges  0x0000000000000000      0x250
 .debug_aranges
                0x0000000000000000       0x80 APP/APP_program.o
 .debug_aranges
                0x0000000000000080       0x98 HAL/GLCD/GLCD_program.o
 .debug_aranges
                0x0000000000000118       0x48 MCAL/GPIO/GPIO_program.o
 .debug_aranges
                0x0000000000000160       0x20 MCAL/NVIC/NVIC_program.o
 .debug_aranges
                0x0000000000000180       0x88 MCAL/TIM/TIM_program.o
 .debug_aranges
                0x0000000000000208       0x20 Src/main.o
 .debug_aranges
                0x0000000000000228       0x28 Startup/startup_stm32f103c6tx.o

.debug_ranges   0x0000000000000000      0x1e8
 .debug_ranges  0x0000000000000000       0x70 APP/APP_program.o
 .debug_ranges  0x0000000000000070       0x88 HAL/GLCD/GLCD_program.o
 .debug_ranges  0x00000000000000f8       0x38 MCAL/GPIO/GPIO_program.o
 .debug_ranges  0x0000000000000130       0x10 MCAL/NVIC/NVIC_program.o
 .debug_ranges  0x0000000000000140       0x78 MCAL/TIM/TIM_program.o
 .debug_ranges  0x00000000000001b8       0x10 Src/main.o
 .debug_ranges  0x00000000000001c8       0x20 Startup/startup_stm32f103c6tx.o

.debug_macro    0x0000000000000000     0x10e7
 .debug_macro   0x0000000000000000       0x88 APP/APP_program.o
 .debug_macro   0x0000000000000088      0xa60 APP/APP_program.o
 .debug_macro   0x0000000000000ae8       0x22 APP/APP_program.o
 .debug_macro   0x0000000000000b0a       0x22 APP/APP_program.o
 .debug_macro   0x0000000000000b2c      0x25f APP/APP_program.o
 .debug_macro   0x0000000000000d8b       0x10 APP/APP_program.o
 .debug_macro   0x0000000000000d9b       0x3a APP/APP_program.o
 .debug_macro   0x0000000000000dd5       0x16 APP/APP_program.o
 .debug_macro   0x0000000000000deb       0x5e APP/APP_program.o
 .debug_macro   0x0000000000000e49       0x7e HAL/GLCD/GLCD_program.o
 .debug_macro   0x0000000000000ec7       0xa0 HAL/GLCD/GLCD_program.o
 .debug_macro   0x0000000000000f67       0x5d MCAL/GPIO/GPIO_program.o
 .debug_macro   0x0000000000000fc4       0x28 MCAL/GPIO/GPIO_program.o
 .debug_macro   0x0000000000000fec       0x10 MCAL/GPIO/GPIO_program.o
 .debug_macro   0x0000000000000ffc       0x4f MCAL/NVIC/NVIC_program.o
 .debug_macro   0x000000000000104b       0x77 MCAL/TIM/TIM_program.o
 .debug_macro   0x00000000000010c2       0x25 Src/main.o

.debug_line     0x0000000000000000      0xcd4
 .debug_line    0x0000000000000000      0x2d2 APP/APP_program.o
 .debug_line    0x00000000000002d2      0x3cf HAL/GLCD/GLCD_program.o
 .debug_line    0x00000000000006a1      0x1a2 MCAL/GPIO/GPIO_program.o
 .debug_line    0x0000000000000843       0xf6 MCAL/NVIC/NVIC_program.o
 .debug_line    0x0000000000000939      0x29a MCAL/TIM/TIM_program.o
 .debug_line    0x0000000000000bd3       0x7d Src/main.o
 .debug_line    0x0000000000000c50       0x84 Startup/startup_stm32f103c6tx.o

.debug_str      0x0000000000000000     0x4828
 .debug_str     0x0000000000000000     0x3dbe APP/APP_program.o
                                       0x3e47 (size before relaxing)
 .debug_str     0x0000000000003dbe      0x42e HAL/GLCD/GLCD_program.o
                                       0x3e46 (size before relaxing)
 .debug_str     0x00000000000041ec       0xd7 MCAL/GPIO/GPIO_program.o
                                       0x3a92 (size before relaxing)
 .debug_str     0x00000000000042c3      0x34b MCAL/NVIC/NVIC_program.o
                                       0x39e9 (size before relaxing)
 .debug_str     0x000000000000460e      0x1d6 MCAL/TIM/TIM_program.o
                                       0x3d29 (size before relaxing)
 .debug_str     0x00000000000047e4       0x13 Src/main.o
                                       0x2d6d (size before relaxing)
 .debug_str     0x00000000000047f7       0x31 Startup/startup_stm32f103c6tx.o
                                         0x61 (size before relaxing)

.comment        0x0000000000000000       0x7b
 .comment       0x0000000000000000       0x7b APP/APP_program.o
                                         0x7c (size before relaxing)
 .comment       0x000000000000007b       0x7c HAL/GLCD/GLCD_program.o
 .comment       0x000000000000007b       0x7c MCAL/GPIO/GPIO_program.o
 .comment       0x000000000000007b       0x7c MCAL/NVIC/NVIC_program.o
 .comment       0x000000000000007b       0x7c MCAL/TIM/TIM_program.o
 .comment       0x000000000000007b       0x7c Src/main.o

.debug_frame    0x0000000000000000      0xa54
 .debug_frame   0x0000000000000000      0x1c0 APP/APP_program.o
 .debug_frame   0x00000000000001c0      0x250 HAL/GLCD/GLCD_program.o
 .debug_frame   0x0000000000000410      0x100 MCAL/GPIO/GPIO_program.o
 .debug_frame   0x0000000000000510       0x38 MCAL/NVIC/NVIC_program.o
 .debug_frame   0x0000000000000548      0x200 MCAL/TIM/TIM_program.o
 .debug_frame   0x0000000000000748       0x2c Src/main.o
 .debug_frame   0x0000000000000774       0x2c c:/st/stm32cubeide_1.4.0/stm32cubeide/plugins/com.st.stm32cube.ide.mcu.externaltools.gnu-tools-for-stm32.7-2018-q2-update.win32_1.4.0.202007081208/tools/bin/../lib/gcc/arm-none-eabi/7.3.1/../../../../arm-none-eabi/lib/thumb/v7-m\libc_nano.a(lib_a-init.o)
 .debug_frame   0x00000000000007a0       0xac c:/st/stm32cubeide_1.4.0/stm32cubeide/plugins/com.st.stm32cube.ide.mcu.externaltools.gnu-tools-for-stm32.7-2018-q2-update.win32_1.4.0.202007081208/tools/bin/../lib/gcc/arm-none-eabi/7.3.1/thumb/v7-m\libgcc.a(_arm_addsubdf3.o)
 .debug_frame   0x000000000000084c       0x50 c:/st/stm32cubeide_1.4.0/stm32cubeide/plugins/com.st.stm32cube.ide.mcu.externaltools.gnu-tools-for-stm32.7-2018-q2-update.win32_1.4.0.202007081208/tools/bin/../lib/gcc/arm-none-eabi/7.3.1/thumb/v7-m\libgcc.a(_arm_muldivdf3.o)
 .debug_frame   0x000000000000089c       0x24 c:/st/stm32cubeide_1.4.0/stm32cubeide/plugins/com.st.stm32cube.ide.mcu.externaltools.gnu-tools-for-stm32.7-2018-q2-update.win32_1.4.0.202007081208/tools/bin/../lib/gcc/arm-none-eabi/7.3.1/thumb/v7-m\libgcc.a(_arm_truncdfsf2.o)
 .debug_frame   0x00000000000008c0       0x4c c:/st/stm32cubeide_1.4.0/stm32cubeide/plugins/com.st.stm32cube.ide.mcu.externaltools.gnu-tools-for-stm32.7-2018-q2-update.win32_1.4.0.202007081208/tools/bin/../lib/gcc/arm-none-eabi/7.3.1/thumb/v7-m\libgcc.a(_arm_addsubsf3.o)
 .debug_frame   0x000000000000090c       0x38 c:/st/stm32cubeide_1.4.0/stm32cubeide/plugins/com.st.stm32cube.ide.mcu.externaltools.gnu-tools-for-stm32.7-2018-q2-update.win32_1.4.0.202007081208/tools/bin/../lib/gcc/arm-none-eabi/7.3.1/thumb/v7-m\libgcc.a(_arm_muldivsf3.o)
 .debug_frame   0x0000000000000944       0xc8 c:/st/stm32cubeide_1.4.0/stm32cubeide/plugins/com.st.stm32cube.ide.mcu.externaltools.gnu-tools-for-stm32.7-2018-q2-update.win32_1.4.0.202007081208/tools/bin/../lib/gcc/arm-none-eabi/7.3.1/thumb/v7-m\libgcc.a(_arm_cmpsf2.o)
 .debug_frame   0x0000000000000a0c       0x24 c:/st/stm32cubeide_1.4.0/stm32cubeide/plugins/com.st.stm32cube.ide.mcu.externaltools.gnu-tools-for-stm32.7-2018-q2-update.win32_1.4.0.202007081208/tools/bin/../lib/gcc/arm-none-eabi/7.3.1/thumb/v7-m\libgcc.a(_arm_fixsfsi.o)
 .debug_frame   0x0000000000000a30       0x24 c:/st/stm32cubeide_1.4.0/stm32cubeide/plugins/com.st.stm32cube.ide.mcu.externaltools.gnu-tools-for-stm32.7-2018-q2-update.win32_1.4.0.202007081208/tools/bin/../lib/gcc/arm-none-eabi/7.3.1/thumb/v7-m\libgcc.a(_arm_fixunssfsi.o)
